Component: ARM Compiler 5.06 update 6 (build 750) Tool: armlink [4d35ed]

==============================================================================

Section Cross References

    startup_stm32f429xx.o(RESET) refers to startup_stm32f429xx.o(STACK) for __initial_sp
    startup_stm32f429xx.o(RESET) refers to startup_stm32f429xx.o(.text) for Reset_Handler
    startup_stm32f429xx.o(RESET) refers to stm32f4xx_it.o(i.NMI_Handler) for NMI_Handler
    startup_stm32f429xx.o(RESET) refers to stm32f4xx_it.o(i.HardFault_Handler) for HardFault_Handler
    startup_stm32f429xx.o(RESET) refers to stm32f4xx_it.o(i.MemManage_Handler) for MemManage_Handler
    startup_stm32f429xx.o(RESET) refers to stm32f4xx_it.o(i.BusFault_Handler) for BusFault_Handler
    startup_stm32f429xx.o(RESET) refers to stm32f4xx_it.o(i.UsageFault_Handler) for UsageFault_Handler
    startup_stm32f429xx.o(RESET) refers to stm32f4xx_it.o(i.SVC_Handler) for SVC_Handler
    startup_stm32f429xx.o(RESET) refers to stm32f4xx_it.o(i.DebugMon_Handler) for DebugMon_Handler
    startup_stm32f429xx.o(RESET) refers to stm32f4xx_it.o(i.PendSV_Handler) for PendSV_Handler
    startup_stm32f429xx.o(RESET) refers to stm32f4xx_it.o(i.SysTick_Handler) for SysTick_Handler
    startup_stm32f429xx.o(RESET) refers to stm32f4xx_it.o(i.DMA1_Stream3_IRQHandler) for DMA1_Stream3_IRQHandler
    startup_stm32f429xx.o(RESET) refers to stm32f4xx_it.o(i.DMA1_Stream5_IRQHandler) for DMA1_Stream5_IRQHandler
    startup_stm32f429xx.o(RESET) refers to stm32f4xx_it.o(i.TIM1_BRK_TIM9_IRQHandler) for TIM1_BRK_TIM9_IRQHandler
    startup_stm32f429xx.o(RESET) refers to stm32f4xx_it.o(i.TIM2_IRQHandler) for TIM2_IRQHandler
    startup_stm32f429xx.o(RESET) refers to stm32f4xx_it.o(i.TIM3_IRQHandler) for TIM3_IRQHandler
    startup_stm32f429xx.o(RESET) refers to stm32f4xx_it.o(i.TIM4_IRQHandler) for TIM4_IRQHandler
    startup_stm32f429xx.o(RESET) refers to stm32f4xx_it.o(i.USART1_IRQHandler) for USART1_IRQHandler
    startup_stm32f429xx.o(RESET) refers to stm32f4xx_it.o(i.USART2_IRQHandler) for USART2_IRQHandler
    startup_stm32f429xx.o(RESET) refers to stm32f4xx_it.o(i.USART3_IRQHandler) for USART3_IRQHandler
    startup_stm32f429xx.o(RESET) refers to stm32f4xx_it.o(i.TIM5_IRQHandler) for TIM5_IRQHandler
    startup_stm32f429xx.o(RESET) refers to stm32f4xx_it.o(i.DMA2_Stream7_IRQHandler) for DMA2_Stream7_IRQHandler
    startup_stm32f429xx.o(.text) refers to system_stm32f4xx.o(i.SystemInit) for SystemInit
    startup_stm32f429xx.o(.text) refers to entry.o(.ARM.Collect$$$$00000000) for __main
    motor.o(i.motor_control) refers to stm32f4xx_hal_gpio.o(i.HAL_GPIO_WritePin) for HAL_GPIO_WritePin
    motor.o(i.motor_feedback) refers to stm32f4xx_hal.o(i.HAL_GetTick) for HAL_GetTick
    motor.o(i.motor_feedback) refers to dfltui.o(.text) for __aeabi_ui2d
    motor.o(i.motor_feedback) refers to ddiv.o(.text) for __aeabi_ddiv
    motor.o(i.motor_feedback) refers to dflti.o(.text) for __aeabi_i2d
    motor.o(i.motor_feedback) refers to dfixi.o(.text) for __aeabi_d2iz
    motor.o(i.motor_feedback) refers to motor.o(.data) for .data
    print_usart.o(i.print_usart) refers to stm32f4xx_hal_uart.o(i.HAL_UART_GetState) for HAL_UART_GetState
    print_usart.o(i.print_usart) refers to printfa.o(i.__0vsprintf) for vsprintf
    print_usart.o(i.print_usart) refers to strlen.o(.text) for strlen
    print_usart.o(i.print_usart) refers to stm32f4xx_hal_uart.o(i.HAL_UART_Transmit_DMA) for HAL_UART_Transmit_DMA
    print_usart.o(i.print_usart) refers to main.o(.bss) for huart1
    print_usart.o(i.print_usart) refers to print_usart.o(.bss) for .bss
    user.o(i.Robot_task) refers to user.o(i.user_sys_init) for user_sys_init
    user.o(i.Robot_task) refers to motor.o(i.motor_feedback) for motor_feedback
    user.o(i.Robot_task) refers to pid.o(i.PID_Calc) for PID_Calc
    user.o(i.Robot_task) refers to motor.o(i.motor_control) for motor_control
    user.o(i.Robot_task) refers to stm32f4xx_hal.o(i.HAL_Delay) for HAL_Delay
    user.o(i.Robot_task) refers to user.o(.bss) for .bss
    user.o(i.Robot_task) refers to motor.o(.data) for Motor_1
    user.o(i.Robot_task) refers to motor.o(.data) for Motor_2
    user.o(i.Robot_task) refers to motor.o(.data) for Motor_3
    user.o(i.Robot_task) refers to motor.o(.data) for Motor_4
    user.o(i.Robot_task) refers to stm32f4xx_it.o(.data) for remote_ok
    user.o(i.Robot_task) refers to stm32f4xx_it.o(.bss) for remote
    user.o(i.Robot_task) refers to wifi_rec.o(.data) for Remote
    user.o(i.Robot_task) refers to main.o(.bss) for htim2
    user.o(i.user_sys_init) refers to stm32f4xx_hal_tim.o(i.HAL_TIM_Encoder_Start) for HAL_TIM_Encoder_Start
    user.o(i.user_sys_init) refers to stm32f4xx_hal_tim.o(i.HAL_TIM_IC_Start_IT) for HAL_TIM_IC_Start_IT
    user.o(i.user_sys_init) refers to stm32f4xx_hal_tim.o(i.HAL_TIM_PWM_Start) for HAL_TIM_PWM_Start
    user.o(i.user_sys_init) refers to stm32f4xx_hal_uart.o(i.HAL_UART_Receive_DMA) for HAL_UART_Receive_DMA
[...]
    Removing stm32f4xx_hal_flash_ex.o(.rev16_text), (4 bytes).
    Removing stm32f4xx_hal_flash_ex.o(.revsh_text), (4 bytes).
    Removing stm32f4xx_hal_flash_ex.o(.rrx_text), (6 bytes).
    Removing stm32f4xx_hal_flash_ex.o(i.FLASH_Erase_Sector), (84 bytes).
    Removing stm32f4xx_hal_flash_ex.o(i.FLASH_FlushCaches), (84 bytes).
    Removing stm32f4xx_hal_flash_ex.o(i.FLASH_MassErase), (64 bytes).
    Removing stm32f4xx_hal_flash_ex.o(i.FLASH_OB_DisableWRP), (112 bytes).
    Removing stm32f4xx_hal_flash_ex.o(i.FLASH_OB_EnableWRP), (116 bytes).
    Removing stm32f4xx_hal_flash_ex.o(i.HAL_FLASHEx_AdvOBGetConfig), (28 bytes).
    Removing stm32f4xx_hal_flash_ex.o(i.HAL_FLASHEx_AdvOBProgram), (188 bytes).
    Removing stm32f4xx_hal_flash_ex.o(i.HAL_FLASHEx_Erase), (156 bytes).
    Removing stm32f4xx_hal_flash_ex.o(i.HAL_FLASHEx_Erase_IT), (104 bytes).
    Removing stm32f4xx_hal_flash_ex.o(i.HAL_FLASHEx_OBGetConfig), (64 bytes).
    Removing stm32f4xx_hal_flash_ex.o(i.HAL_FLASHEx_OBProgram), (184 bytes).
    Removing stm32f4xx_hal_flash_ex.o(i.HAL_FLASHEx_OB_DeSelectPCROP), (20 bytes).
    Removing stm32f4xx_hal_flash_ex.o(i.HAL_FLASHEx_OB_GetBank2WRP), (12 bytes).
    Removing stm32f4xx_hal_flash_ex.o(i.HAL_FLASHEx_OB_SelectPCROP), (24 bytes).
    Removing stm32f4xx_hal_flash_ramfunc.o(.rev16_text), (4 bytes).
    Removing stm32f4xx_hal_flash_ramfunc.o(.revsh_text), (4 bytes).
    Removing stm32f4xx_hal_flash_ramfunc.o(.rrx_text), (6 bytes).
    Removing stm32f4xx_hal_gpio.o(.rev16_text), (4 bytes).
    Removing stm32f4xx_hal_gpio.o(.revsh_text), (4 bytes).
    Removing stm32f4xx_hal_gpio.o(.rrx_text), (6 bytes).
    Removing stm32f4xx_hal_gpio.o(i.HAL_GPIO_DeInit), (372 bytes).
    Removing stm32f4xx_hal_gpio.o(i.HAL_GPIO_EXTI_Callback), (2 bytes).
    Removing stm32f4xx_hal_gpio.o(i.HAL_GPIO_EXTI_IRQHandler), (24 bytes).
    Removing stm32f4xx_hal_gpio.o(i.HAL_GPIO_LockPin), (34 bytes).
    Removing stm32f4xx_hal_gpio.o(i.HAL_GPIO_ReadPin), (10 bytes).
    Removing stm32f4xx_hal_gpio.o(i.HAL_GPIO_TogglePin), (14 bytes).
    Removing stm32f4xx_hal_dma_ex.o(.rev16_text), (4 bytes).
    Removing stm32f4xx_hal_dma_ex.o(.revsh_text), (4 bytes).
    Removing stm32f4xx_hal_dma_ex.o(.rrx_text), (6 bytes).
    Removing stm32f4xx_hal_dma_ex.o(i.DMA_MultiBufferSetConfig), (30 bytes).
    Removing stm32f4xx_hal_dma_ex.o(i.HAL_DMAEx_ChangeMemory), (14 bytes).
    Removing stm32f4xx_hal_dma_ex.o(i.HAL_DMAEx_MultiBufferStart), (100 bytes).
    Removing stm32f4xx_hal_dma_ex.o(i.HAL_DMAEx_MultiBufferStart_IT), (2432 bytes).
    Removing stm32f4xx_hal_dma.o(.rev16_text), (4 bytes).
    Removing stm32f4xx_hal_dma.o(.revsh_text), (4 bytes).
    Removing stm32f4xx_hal_dma.o(.rrx_text), (6 bytes).
    Removing stm32f4xx_hal_dma.o(i.HAL_DMA_DeInit), (98 bytes).
    Removing stm32f4xx_hal_dma.o(i.HAL_DMA_GetError), (4 bytes).
    Removing stm32f4xx_hal_dma.o(i.HAL_DMA_GetState), (6 bytes).
    Removing stm32f4xx_hal_dma.o(i.HAL_DMA_PollForTransfer), (292 bytes).
    Removing stm32f4xx_hal_dma.o(i.HAL_DMA_RegisterCallback), (80 bytes).
    Removing stm32f4xx_hal_dma.o(i.HAL_DMA_Start), (70 bytes).
    Removing stm32f4xx_hal_dma.o(i.HAL_DMA_UnRegisterCallback), (96 bytes).
    Removing stm32f4xx_hal_pwr.o(.rev16_text), (4 bytes).
    Removing stm32f4xx_hal_pwr.o(.revsh_text), (4 bytes).
    Removing stm32f4xx_hal_pwr.o(.rrx_text), (6 bytes).
    Removing stm32f4xx_hal_pwr.o(i.HAL_PWR_ConfigPVD), (124 bytes).
    Removing stm32f4xx_hal_pwr.o(i.HAL_PWR_DeInit), (24 bytes).
    Removing stm32f4xx_hal_pwr.o(i.HAL_PWR_DisableBkUpAccess), (12 bytes).
    Removing stm32f4xx_hal_pwr.o(i.HAL_PWR_DisablePVD), (12 bytes).
    Removing stm32f4xx_hal_pwr.o(i.HAL_PWR_DisableSEVOnPend), (16 bytes).
    Removing stm32f4xx_hal_pwr.o(i.HAL_PWR_DisableSleepOnExit), (16 bytes).
    Removing stm32f4xx_hal_pwr.o(i.HAL_PWR_DisableWakeUpPin), (16 bytes).
    Removing stm32f4xx_hal_pwr.o(i.HAL_PWR_EnableBkUpAccess), (12 bytes).
    Removing stm32f4xx_hal_pwr.o(i.HAL_PWR_EnablePVD), (12 bytes).
    Removing stm32f4xx_hal_pwr.o(i.HAL_PWR_EnableSEVOnPend), (16 bytes).
    Removing stm32f4xx_hal_pwr.o(i.HAL_PWR_EnableSleepOnExit), (16 bytes).
    Removing stm32f4xx_hal_pwr.o(i.HAL_PWR_EnableWakeUpPin), (16 bytes).
    Removing stm32f4xx_hal_pwr.o(i.HAL_PWR_EnterSLEEPMode), (32 bytes).
    Removing stm32f4xx_hal_pwr.o(i.HAL_PWR_EnterSTANDBYMode), (32 bytes).
    Removing stm32f4xx_hal_pwr.o(i.HAL_PWR_EnterSTOPMode), (56 bytes).
    Removing stm32f4xx_hal_pwr.o(i.HAL_PWR_PVDCallback), (2 bytes).
    Removing stm32f4xx_hal_pwr.o(i.HAL_PWR_PVD_IRQHandler), (28 bytes).
    Removing stm32f4xx_hal_pwr_ex.o(.rev16_text), (4 bytes).
    Removing stm32f4xx_hal_pwr_ex.o(.revsh_text), (4 bytes).
    Removing stm32f4xx_hal_pwr_ex.o(.rrx_text), (6 bytes).
    Removing stm32f4xx_hal_pwr_ex.o(i.HAL_PWREx_ControlVoltageScaling), (176 bytes).
    Removing stm32f4xx_hal_pwr_ex.o(i.HAL_PWREx_DisableBkUpReg), (60 bytes).
    Removing stm32f4xx_hal_pwr_ex.o(i.HAL_PWREx_DisableFlashPowerDown), (12 bytes).
    Removing stm32f4xx_hal_pwr_ex.o(i.HAL_PWREx_DisableOverDrive), (112 bytes).
    Removing stm32f4xx_hal_pwr_ex.o(i.HAL_PWREx_EnableBkUpReg), (60 bytes).
    Removing stm32f4xx_hal_pwr_ex.o(i.HAL_PWREx_EnableFlashPowerDown), (12 bytes).
    Removing stm32f4xx_hal_pwr_ex.o(i.HAL_PWREx_EnterUnderDriveSTOPMode), (96 bytes).
    Removing stm32f4xx_hal_pwr_ex.o(i.HAL_PWREx_GetVoltageRange), (16 bytes).
    Removing stm32f4xx_hal_cortex.o(.rev16_text), (4 bytes).
    Removing stm32f4xx_hal_cortex.o(.revsh_text), (4 bytes).
    Removing stm32f4xx_hal_cortex.o(.rrx_text), (6 bytes).
    Removing stm32f4xx_hal_cortex.o(i.HAL_MPU_ConfigRegion), (84 bytes).
    Removing stm32f4xx_hal_cortex.o(i.HAL_MPU_Disable), (28 bytes).
    Removing stm32f4xx_hal_cortex.o(i.HAL_MPU_Enable), (36 bytes).
    Removing stm32f4xx_hal_cortex.o(i.HAL_NVIC_ClearPendingIRQ), (26 bytes).
    Removing stm32f4xx_hal_cortex.o(i.HAL_NVIC_DisableIRQ), (34 bytes).
    Removing stm32f4xx_hal_cortex.o(i.HAL_NVIC_GetActive), (36 bytes).
    Removing stm32f4xx_hal_cortex.o(i.HAL_NVIC_GetPendingIRQ), (36 bytes).
    Removing stm32f4xx_hal_cortex.o(i.HAL_NVIC_GetPriority), (82 bytes).
    Removing stm32f4xx_hal_cortex.o(i.HAL_NVIC_GetPriorityGrouping), (16 bytes).
    Removing stm32f4xx_hal_cortex.o(i.HAL_NVIC_SetPendingIRQ), (26 bytes).
    Removing stm32f4xx_hal_cortex.o(i.HAL_NVIC_SystemReset), (36 bytes).
    Removing stm32f4xx_hal_cortex.o(i.HAL_SYSTICK_CLKSourceConfig), (24 bytes).
    Removing stm32f4xx_hal_cortex.o(i.HAL_SYSTICK_Callback), (2 bytes).
    Removing stm32f4xx_hal_cortex.o(i.HAL_SYSTICK_IRQHandler), (8 bytes).
    Removing stm32f4xx_hal.o(.rev16_text), (4 bytes).
    Removing stm32f4xx_hal.o(.revsh_text), (4 bytes).
    Removing stm32f4xx_hal.o(.rrx_text), (6 bytes).
    Removing stm32f4xx_hal.o(i.HAL_DBGMCU_DisableDBGSleepMode), (16 bytes).
    Removing stm32f4xx_hal.o(i.HAL_DBGMCU_DisableDBGStandbyMode), (16 bytes).
    Removing stm32f4xx_hal.o(i.HAL_DBGMCU_DisableDBGStopMode), (16 bytes).
    Removing stm32f4xx_hal.o(i.HAL_DBGMCU_EnableDBGSleepMode), (16 bytes).
    Removing stm32f4xx_hal.o(i.HAL_DBGMCU_EnableDBGStandbyMode), (16 bytes).
    Removing stm32f4xx_hal.o(i.HAL_DBGMCU_EnableDBGStopMode), (16 bytes).
    Removing stm32f4xx_hal.o(i.HAL_DeInit), (52 bytes).
    Removing stm32f4xx_hal.o(i.HAL_DisableCompensationCell), (12 bytes).
    Removing stm32f4xx_hal.o(i.HAL_DisableMemorySwappingBank), (12 bytes).
    Removing stm32f4xx_hal.o(i.HAL_EnableCompensationCell), (12 bytes).
    Removing stm32f4xx_hal.o(i.HAL_EnableMemorySwappingBank), (12 bytes).
    Removing stm32f4xx_hal.o(i.HAL_GetDEVID), (16 bytes).
    Removing stm32f4xx_hal.o(i.HAL_GetHalVersion), (8 bytes).
    Removing stm32f4xx_hal.o(i.HAL_GetREVID), (12 bytes).
    Removing stm32f4xx_hal.o(i.HAL_GetTickFreq), (12 bytes).
    Removing stm32f4xx_hal.o(i.HAL_GetTickPrio), (12 bytes).
    Removing stm32f4xx_hal.o(i.HAL_GetUIDw0), (12 bytes).
    Removing stm32f4xx_hal.o(i.HAL_GetUIDw1), (12 bytes).
    Removing stm32f4xx_hal.o(i.HAL_GetUIDw2), (12 bytes).
    Removing stm32f4xx_hal.o(i.HAL_MspDeInit), (2 bytes).
    Removing stm32f4xx_hal.o(i.HAL_MspInit), (2 bytes).
    Removing stm32f4xx_hal.o(i.HAL_ResumeTick), (14 bytes).
    Removing stm32f4xx_hal.o(i.HAL_SetTickFreq), (28 bytes).
    Removing stm32f4xx_hal.o(i.HAL_SuspendTick), (14 bytes).
    Removing stm32f4xx_hal_exti.o(.rev16_text), (4 bytes).
    Removing stm32f4xx_hal_exti.o(.revsh_text), (4 bytes).
    Removing stm32f4xx_hal_exti.o(.rrx_text), (6 bytes).
    Removing stm32f4xx_hal_exti.o(i.HAL_EXTI_ClearConfigLine), (56 bytes).
    Removing stm32f4xx_hal_exti.o(i.HAL_EXTI_ClearPending), (12 bytes).
    Removing stm32f4xx_hal_exti.o(i.HAL_EXTI_GenerateSWI), (12 bytes).
    Removing stm32f4xx_hal_exti.o(i.HAL_EXTI_GetConfigLine), (108 bytes).
    Removing stm32f4xx_hal_exti.o(i.HAL_EXTI_GetHandle), (12 bytes).
    Removing stm32f4xx_hal_exti.o(i.HAL_EXTI_GetPending), (28 bytes).
    Removing stm32f4xx_hal_exti.o(i.HAL_EXTI_IRQHandler), (28 bytes).
    Removing stm32f4xx_hal_exti.o(i.HAL_EXTI_RegisterCallback), (14 bytes).
    Removing stm32f4xx_hal_exti.o(i.HAL_EXTI_SetConfigLine), (112 bytes).
    Removing system_stm32f4xx.o(.rev16_text), (4 bytes).
    Removing system_stm32f4xx.o(.revsh_text), (4 bytes).
    Removing system_stm32f4xx.o(.rrx_text), (6 bytes).
    Removing system_stm32f4xx.o(i.SystemCoreClockUpdate), (124 bytes).
    Removing dadd.o(.text), (334 bytes).
    Removing dmul.o(.text), (228 bytes).
    Removing dfixul.o(.text), (48 bytes).
    Removing cdrcmple.o(.text), (48 bytes).

392 unused section(s) (total 23778 bytes) removed from the image.

==============================================================================

Image Symbol Table

    Local Symbols

    Symbol Name                              Value     Ov Type        Size  Object(Section)

    ../Drivers/STM32F4xx_HAL_Driver/Src/stm32f4xx_hal.c 0x00000000   Number         0  stm32f4xx_hal.o ABSOLUTE
    ../Drivers/STM32F4xx_HAL_Driver/Src/stm32f4xx_hal_cortex.c 0x00000000   Number         0  stm32f4xx_hal_cortex.o ABSOLUTE
    ../Drivers/STM32F4xx_HAL_Driver/Src/stm32f4xx_hal_dma.c 0x00000000   Number         0  stm32f4xx_hal_dma.o ABSOLUTE
    ../Drivers/STM32F4xx_HAL_Driver/Src/stm32f4xx_hal_dma_ex.c 0x00000000   Number         0  stm32f4xx_hal_dma_ex.o ABSOLUTE
    ../Drivers/STM32F4xx_HAL_Driver/Src/stm32f4xx_hal_exti.c 0x00000000   Number         0  stm32f4xx_hal_exti.o ABSOLUTE
    ../Drivers/STM32F4xx_HAL_Driver/Src/stm32f4xx_hal_flash.c 0x00000000   Number         0  stm32f4xx_hal_flash.o ABSOLUTE
    ../Drivers/STM32F4xx_HAL_Driver/Src/stm32f4xx_hal_flash_ex.c 0x00000000   Number         0  stm32f4xx_hal_flash_ex.o ABSOLUTE
    ../Drivers/STM32F4xx_HAL_Driver/Src/stm32f4xx_hal_flash_ramfunc.c 0x00000000   Number         0  stm32f4xx_hal_flash_ramfunc.o ABSOLUTE
    ../Drivers/STM32F4xx_HAL_Driver/Src/stm32f4xx_hal_gpio.c 0x00000000   Number         0  stm32f4xx_hal_gpio.o ABSOLUTE
    ../Drivers/STM32F4xx_HAL_Driver/Src/stm32f4xx_hal_pwr.c 0x00000000   Number         0  stm32f4xx_hal_pwr.o ABSOLUTE
    ../Drivers/STM32F4xx_HAL_Driver/Src/stm32f4xx_hal_pwr_ex.c 0x00000000   Number         0  stm32f4xx_hal_pwr_ex.o ABSOLUTE
    ../Drivers/STM32F4xx_HAL_Driver/Src/stm32f4xx_hal_rcc.c 0x00000000   Number         0  stm32f4xx_hal_rcc.o ABSOLUTE
    ../Drivers/STM32F4xx_HAL_Driver/Src/stm32f4xx_hal_rcc_ex.c 0x00000000   Number         0  stm32f4xx_hal_rcc_ex.o ABSOLUTE
    ../Drivers/STM32F4xx_HAL_Driver/Src/stm32f4xx_hal_tim.c 0x00000000   Number         0  stm32f4xx_hal_tim.o ABSOLUTE
    ../Drivers/STM32F4xx_HAL_Driver/Src/stm32f4xx_hal_tim_ex.c 0x00000000   Number         0  stm32f4xx_hal_tim_ex.o ABSOLUTE
    ../Drivers/STM32F4xx_HAL_Driver/Src/stm32f4xx_hal_uart.c 0x00000000   Number         0  stm32f4xx_hal_uart.o ABSOLUTE
    ../Src/main.c                            0x00000000   Number         0  main.o ABSOLUTE
    ../Src/stm32f4xx_hal_msp.c               0x00000000   Number         0  stm32f4xx_hal_msp.o ABSOLUTE
    ../Src/stm32f4xx_it.c                    0x00000000   Number         0  stm32f4xx_it.o ABSOLUTE
    ../Src/system_stm32f4xx.c                0x00000000   Number         0  system_stm32f4xx.o ABSOLUTE
    ../clib/../cmprslib/zerorunl2.c          0x00000000   Number         0  __dczerorl2.o ABSOLUTE
    ../clib/microlib/division.c              0x00000000   Number         0  uidiv.o ABSOLUTE
    ../clib/microlib/division.c              0x00000000   Number         0  uldiv.o ABSOLUTE
    ../clib/microlib/init/entry.s            0x00000000   Number         0  entry8a.o ABSOLUTE
    ../clib/microlib/init/entry.s            0x00000000   Number         0  entry11a.o ABSOLUTE
    ../clib/microlib/init/entry.s            0x00000000   Number         0  entry.o ABSOLUTE
    ../clib/microlib/init/entry.s            0x00000000   Number         0  entry11b.o ABSOLUTE
    ../clib/microlib/init/entry.s            0x00000000   Number         0  entry2.o ABSOLUTE
    ../clib/microlib/init/entry.s            0x00000000   Number         0  entry5.o ABSOLUTE
    ../clib/microlib/init/entry.s            0x00000000   Number         0  entry9b.o ABSOLUTE
    ../clib/microlib/init/entry.s            0x00000000   Number         0  entry7a.o ABSOLUTE
    ../clib/microlib/init/entry.s            0x00000000   Number         0  entry7b.o ABSOLUTE
    ../clib/microlib/init/entry.s            0x00000000   Number         0  entry8b.o ABSOLUTE
    ../clib/microlib/init/entry.s            0x00000000   Number         0  entry9a.o ABSOLUTE
    ../clib/microlib/init/entry.s            0x00000000   Number         0  entry10a.o ABSOLUTE
    ../clib/microlib/init/entry.s            0x00000000   Number         0  entry10b.o ABSOLUTE
    ../clib/microlib/longlong.c              0x00000000   Number         0  llsshr.o ABSOLUTE
    ../clib/microlib/longlong.c              0x00000000   Number         0  llshl.o ABSOLUTE
    ../clib/microlib/longlong.c              0x00000000   Number         0  llushr.o ABSOLUTE
    ../clib/microlib/printf/printf.c         0x00000000   Number         0  printfa.o ABSOLUTE
    ../clib/microlib/stdio/fputc.c           0x00000000   Number         0  fputc.o ABSOLUTE
    ../clib/microlib/stdio/semi.s            0x00000000   Number         0  semi.o ABSOLUTE
    ../clib/microlib/stdio/streams.c         0x00000000   Number         0  stdout.o ABSOLUTE
    ../clib/microlib/string/memset.c         0x00000000   Number         0  memseta.o ABSOLUTE
    ../clib/microlib/string/strlen.c         0x00000000   Number         0  strlen.o ABSOLUTE
    ../clib/microlib/stubs.s                 0x00000000   Number         0  iusefp.o ABSOLUTE
    ../clib/microlib/stubs.s                 0x00000000   Number         0  iusesemip.o ABSOLUTE
    ../fplib/microlib/fpadd.c                0x00000000   Number         0  dadd.o ABSOLUTE
    ../fplib/microlib/fpdiv.c                0x00000000   Number         0  ddiv.o ABSOLUTE
    ../fplib/microlib/fpepilogue.c           0x00000000   Number         0  depilogue.o ABSOLUTE
    ../fplib/microlib/fpfix.c                0x00000000   Number         0  dfixi.o ABSOLUTE
    ../fplib/microlib/fpfix.c                0x00000000   Number         0  dfixul.o ABSOLUTE
    ../fplib/microlib/fpflt.c                0x00000000   Number         0  dflti.o ABSOLUTE
    ../fplib/microlib/fpflt.c                0x00000000   Number         0  dfltui.o ABSOLUTE
    ../fplib/microlib/fpmul.c                0x00000000   Number         0  dmul.o ABSOLUTE
    ..\BSP\motor.c                           0x00000000   Number         0  motor.o ABSOLUTE
    ..\BSP\pid.c                             0x00000000   Number         0  pid.o ABSOLUTE
    ..\BSP\ppm.c                             0x00000000   Number         0  ppm.o ABSOLUTE
    ..\BSP\print_usart.c                     0x00000000   Number         0  print_usart.o ABSOLUTE
    ..\BSP\user.c                            0x00000000   Number         0  user.o ABSOLUTE
    ..\BSP\wifi_rec.c                        0x00000000   Number         0  wifi_rec.o ABSOLUTE
    ..\Drivers\STM32F4xx_HAL_Driver\Src\stm32f4xx_hal.c 0x00000000   Number         0  stm32f4xx_hal.o ABSOLUTE
    ..\Drivers\STM32F4xx_HAL_Driver\Src\stm32f4xx_hal_cortex.c 0x00000000   Number         0  stm32f4xx_hal_cortex.o ABSOLUTE
    ..\Drivers\STM32F4xx_HAL_Driver\Src\stm32f4xx_hal_dma.c 0x00000000   Number         0  stm32f4xx_hal_dma.o ABSOLUTE
    ..\Drivers\STM32F4xx_HAL_Driver\Src\stm32f4xx_hal_dma_ex.c 0x00000000   Number         0  stm32f4xx_hal_dma_ex.o ABSOLUTE
    ..\Drivers\STM32F4xx_HAL_Driver\Src\stm32f4xx_hal_exti.c 0x00000000   Number         0  stm32f4xx_hal_exti.o ABSOLUTE
    ..\Drivers\STM32F4xx_HAL_Driver\Src\stm32f4xx_hal_flash.c 0x00000000   Number         0  stm32f4xx_hal_flash.o ABSOLUTE
    ..\Drivers\STM32F4xx_HAL_Driver\Src\stm32f4xx_hal_flash_ex.c 0x00000000   Number         0  stm32f4xx_hal_flash_ex.o ABSOLUTE
    ..\Drivers\STM32F4xx_HAL_Driver\Src\stm32f4xx_hal_flash_ramfunc.c 0x00000000   Number         0  stm32f4xx_hal_flash_ramfunc.o ABSOLUTE
    ..\Drivers\STM32F4xx_HAL_Driver\Src\stm32f4xx_hal_gpio.c 0x00000000   Number         0  stm32f4xx_hal_gpio.o ABSOLUTE
    ..\Drivers\STM32F4xx_HAL_Driver\Src\stm32f4xx_hal_pwr.c 0x00000000   Number         0  stm32f4xx_hal_pwr.o ABSOLUTE
    ..\Drivers\STM32F4xx_HAL_Driver\Src\stm32f4xx_hal_pwr_ex.c 0x00000000   Number         0  stm32f4xx_hal_pwr_ex.o ABSOLUTE
    ..\Drivers\STM32F4xx_HAL_Driver\Src\stm32f4xx_hal_rcc.c 0x00000000   Number         0  stm32f4xx_hal_rcc.o ABSOLUTE
    ..\Drivers\STM32F4xx_HAL_Driver\Src\stm32f4xx_hal_rcc_ex.c 0x00000000   Number         0  stm32f4xx_hal_rcc_ex.o ABSOLUTE
    ..\Drivers\STM32F4xx_HAL_Driver\Src\stm32f4xx_hal_tim.c 0x00000000   Number         0  stm32f4xx_hal_tim.o ABSOLUTE
    ..\Drivers\STM32F4xx_HAL_Driver\Src\stm32f4xx_hal_tim_ex.c 0x00000000   Number         0  stm32f4xx_hal_tim_ex.o ABSOLUTE
    ..\Drivers\STM32F4xx_HAL_Driver\Src\stm32f4xx_hal_uart.c 0x00000000   Number         0  stm32f4xx_hal_uart.o ABSOLUTE
    ..\Src\main.c                            0x00000000   Number         0  main.o ABSOLUTE
    ..\Src\stm32f4xx_hal_msp.c               0x00000000   Number         0  stm32f4xx_hal_msp.o ABSOLUTE
    ..\Src\stm32f4xx_it.c                    0x00000000   Number         0  stm32f4xx_it.o ABSOLUTE
    ..\Src\system_stm32f4xx.c                0x00000000   Number         0  system_stm32f4xx.o ABSOLUTE
    ..\\BSP\\motor.c                         0x00000000   Number         0  motor.o ABSOLUTE
    ..\\BSP\\pid.c                           0x00000000   Number         0  pid.o ABSOLUTE
    ..\\BSP\\ppm.c                           0x00000000   Number         0  ppm.o ABSOLUTE
    ..\\BSP\\print_usart.c                   0x00000000   Number         0  print_usart.o ABSOLUTE
    ..\\BSP\\user.c                          0x00000000   Number         0  user.o ABSOLUTE
    ..\\BSP\\wifi_rec.c                      0x00000000   Number         0  wifi_rec.o ABSOLUTE
    cdrcmple.s                               0x00000000   Number         0  cdrcmple.o ABSOLUTE
    dc.s                                     0x00000000   Number         0  dc.o ABSOLUTE
    handlers.s                               0x00000000   Number         0  handlers.o ABSOLUTE
    init.s                                   0x00000000   Number         0  init.o ABSOLUTE
    startup_stm32f429xx.s                    0x00000000   Number         0  startup_stm32f429xx.o ABSOLUTE
    RESET                                    0x08000000   Section      428  startup_stm32f429xx.o(RESET)
    .ARM.Collect$$$$00000000                 0x080001ac   Section        0  entry.o(.ARM.Collect$$$$00000000)
    .ARM.Collect$$$$00000001                 0x080001ac   Section        4  entry2.o(.ARM.Collect$$$$00000001)
    .ARM.Collect$$$$00000004                 0x080001b0   Section        4  entry5.o(.ARM.Collect$$$$00000004)
    .ARM.Collect$$$$00000008                 0x080001b4   Section        0  entry7b.o(.ARM.Collect$$$$00000008)
    .ARM.Collect$$$$0000000A                 0x080001b4   Section        0  entry8b.o(.ARM.Collect$$$$0000000A)
    .ARM.Collect$$$$0000000B                 0x080001b4   Section        8  entry9a.o(.ARM.Collect$$$$0000000B)
    .ARM.Collect$$$$0000000D                 0x080001bc   Section        0  entry10a.o(.ARM.Collect$$$$0000000D)
    .ARM.Collect$$$$0000000F                 0x080001bc   Section        0  entry11a.o(.ARM.Collect$$$$0000000F)
    .ARM.Collect$$$$00002712                 0x080001bc   Section        4  entry2.o(.ARM.Collect$$$$00002712)
    __lit__00000000                          0x080001bc   Data           4  entry2.o(.ARM.Collect$$$$00002712)
    .text                                    0x080001c0   Section       36  startup_stm32f429xx.o(.text)
    $v0                                      0x080001c0   Number         0  startup_stm32f429xx.o(.text)
    .text                                    0x080001e4   Section        0  uldiv.o(.text)
    .text                                    0x08000246   Section        0  memseta.o(.text)
    .text                                    0x0800026a   Section        0  ddiv.o(.text)
    .text                                    0x08000348   Section        0  dflti.o(.text)
    .text                                    0x0800036a   Section        0  dfltui.o(.text)
    .text                                    0x08000384   Section        0  dfixi.o(.text)
    .text                                    0x080003c2   Section        0  llshl.o(.text)
    .text                                    0x080003e0   Section        0  llushr.o(.text)
    .text                                    0x08000400   Section        0  depilogue.o(.text)
    .text                                    0x08000400   Section        0  iusefp.o(.text)
    .text                                    0x080004bc   Section       36  init.o(.text)
    .text                                    0x080004e0   Section        0  __dczerorl2.o(.text)
    i.BusFault_Handler                       0x08000536   Section        0  stm32f4xx_it.o(i.BusFault_Handler)
    i.DMA1_Stream3_IRQHandler                0x08000538   Section        0  stm32f4xx_it.o(i.DMA1_Stream3_IRQHandler)
    i.DMA1_Stream5_IRQHandler                0x08000544   Section        0  stm32f4xx_it.o(i.DMA1_Stream5_IRQHandler)
    i.DMA2_Stream7_IRQHandler                0x08000550   Section        0  stm32f4xx_it.o(i.DMA2_Stream7_IRQHandler)
    i.DMA_CalcBaseAndBitshift                0x0800055c   Section        0  stm32f4xx_hal_dma.o(i.DMA_CalcBaseAndBitshift)
    DMA_CalcBaseAndBitshift                  0x0800055d   Thumb Code    34  stm32f4xx_hal_dma.o(i.DMA_CalcBaseAndBitshift)
    i.DMA_CheckFifoParam                     0x08000584   Section        0  stm32f4xx_hal_dma.o(i.DMA_CheckFifoParam)
    DMA_CheckFifoParam                       0x08000585   Thumb Code    84  stm32f4xx_hal_dma.o(i.DMA_CheckFifoParam)
    i.DMA_SetConfig                          0x080005d8   Section        0  stm32f4xx_hal_dma.o(i.DMA_SetConfig)
    DMA_SetConfig                            0x080005d9   Thumb Code    40  stm32f4xx_hal_dma.o(i.DMA_SetConfig)
    i.DebugMon_Handler                       0x08000600   Section        0  stm32f4xx_it.o(i.DebugMon_Handler)
    i.Error_Handler                          0x08000602   Section        0  main.o(i.Error_Handler)
    i.HAL_DMA_Abort                          0x08000604   Section        0  stm32f4xx_hal_dma.o(i.HAL_DMA_Abort)
    i.HAL_DMA_Abort_IT                       0x08000692   Section        0  stm32f4xx_hal_dma.o(i.HAL_DMA_Abort_IT)
    i.HAL_DMA_IRQHandler                     0x080006b8   Section        0  stm32f4xx_hal_dma.o(i.HAL_DMA_IRQHandler)
    i.HAL_DMA_Init                           0x08000858   Section        0  stm32f4xx_hal_dma.o(i.HAL_DMA_Init)
    i.HAL_DMA_Start_IT                       0x0800092c   Section        0  stm32f4xx_hal_dma.o(i.HAL_DMA_Start_IT)
    i.HAL_Delay                              0x080009a4   Section        0  stm32f4xx_hal.o(i.HAL_Delay)
    i.HAL_GPIO_Init                          0x080009c8   Section        0  stm32f4xx_hal_gpio.o(i.HAL_GPIO_Init)
    i.HAL_GPIO_WritePin                      0x08000b94   Section        0  stm32f4xx_hal_gpio.o(i.HAL_GPIO_WritePin)
    i.HAL_GetTick                            0x08000ba0   Section        0  stm32f4xx_hal.o(i.HAL_GetTick)
    i.HAL_IncTick                            0x08000bac   Section        0  stm32f4xx_hal.o(i.HAL_IncTick)
    i.HAL_Init                               0x08000bbc   Section        0  stm32f4xx_hal.o(i.HAL_Init)
    i.HAL_InitTick                           0x08000bf0   Section        0  stm32f4xx_hal.o(i.HAL_InitTick)
    i.HAL_MspInit                            0x08000c30   Section        0  stm32f4xx_hal_msp.o(i.HAL_MspInit)
    i.HAL_NVIC_EnableIRQ                     0x08000c60   Section        0  stm32f4xx_hal_cortex.o(i.HAL_NVIC_EnableIRQ)
    i.HAL_NVIC_SetPriority                   0x08000c7c   Section        0  stm32f4xx_hal_cortex.o(i.HAL_NVIC_SetPriority)
    i.HAL_NVIC_SetPriorityGrouping           0x08000cbc   Section        0  stm32f4xx_hal_cortex.o(i.HAL_NVIC_SetPriorityGrouping)
    i.HAL_PWREx_EnableOverDrive              0x08000ce0   Section        0  stm32f4xx_hal_pwr_ex.o(i.HAL_PWREx_EnableOverDrive)
    i.HAL_RCC_ClockConfig                    0x08000d50   Section        0  stm32f4xx_hal_rcc.o(i.HAL_RCC_ClockConfig)
    i.HAL_RCC_GetPCLK1Freq                   0x08000e80   Section        0  stm32f4xx_hal_rcc.o(i.HAL_RCC_GetPCLK1Freq)
    i.HAL_RCC_GetPCLK2Freq                   0x08000ea0   Section        0  stm32f4xx_hal_rcc.o(i.HAL_RCC_GetPCLK2Freq)
    i.HAL_RCC_GetSysClockFreq                0x08000ec0   Section        0  stm32f4xx_hal_rcc.o(i.HAL_RCC_GetSysClockFreq)
    i.HAL_RCC_OscConfig                      0x08000f24   Section        0  stm32f4xx_hal_rcc.o(i.HAL_RCC_OscConfig)
    i.HAL_SYSTICK_Config                     0x08001240   Section        0  stm32f4xx_hal_cortex.o(i.HAL_SYSTICK_Config)
    i.HAL_TIMEx_BreakCallback                0x08001268   Section        0  stm32f4xx_hal_tim_ex.o(i.HAL_TIMEx_BreakCallback)
    i.HAL_TIMEx_CommutCallback               0x0800126a   Section        0  stm32f4xx_hal_tim_ex.o(i.HAL_TIMEx_CommutCallback)
    i.HAL_TIMEx_ConfigBreakDeadTime          0x0800126c   Section        0  stm32f4xx_hal_tim_ex.o(i.HAL_TIMEx_ConfigBreakDeadTime)
    i.HAL_TIMEx_MasterConfigSynchronization  0x080012c0   Section        0  stm32f4xx_hal_tim_ex.o(i.HAL_TIMEx_MasterConfigSynchronization)
    i.HAL_TIM_Encoder_Init                   0x08001302   Section        0  stm32f4xx_hal_tim.o(i.HAL_TIM_Encoder_Init)
    i.HAL_TIM_Encoder_MspInit                0x0800139c   Section        0  stm32f4xx_hal_msp.o(i.HAL_TIM_Encoder_MspInit)
    i.HAL_TIM_Encoder_Start                  0x08001570   Section        0  stm32f4xx_hal_tim.o(i.HAL_TIM_Encoder_Start)
    i.HAL_TIM_IC_CaptureCallback             0x080015a4   Section        0  stm32f4xx_hal_tim.o(i.HAL_TIM_IC_CaptureCallback)
    i.HAL_TIM_IC_ConfigChannel               0x080015a8   Section        0  stm32f4xx_hal_tim.o(i.HAL_TIM_IC_ConfigChannel)
    i.HAL_TIM_IC_Init                        0x080016c6   Section        0  stm32f4xx_hal_tim.o(i.HAL_TIM_IC_Init)
    i.HAL_TIM_IC_MspInit                     0x080016fc   Section        0  stm32f4xx_hal_msp.o(i.HAL_TIM_IC_MspInit)
    i.HAL_TIM_IC_Start_IT                    0x08001774   Section        0  stm32f4xx_hal_tim.o(i.HAL_TIM_IC_Start_IT)
    i.HAL_TIM_IRQHandler                     0x080017ca   Section        0  stm32f4xx_hal_tim.o(i.HAL_TIM_IRQHandler)
    i.HAL_TIM_MspPostInit                    0x08001930   Section        0  stm32f4xx_hal_msp.o(i.HAL_TIM_MspPostInit)
    i.HAL_TIM_OC_DelayElapsedCallback        0x080019ac   Section        0  stm32f4xx_hal_tim.o(i.HAL_TIM_OC_DelayElapsedCallback)
    i.HAL_TIM_PWM_ConfigChannel              0x080019ae   Section        0  stm32f4xx_hal_tim.o(i.HAL_TIM_PWM_ConfigChannel)
    i.HAL_TIM_PWM_Init                       0x08001a7e   Section        0  stm32f4xx_hal_tim.o(i.HAL_TIM_PWM_Init)
    i.HAL_TIM_PWM_MspInit                    0x08001ab4   Section        0  stm32f4xx_hal_msp.o(i.HAL_TIM_PWM_MspInit)
    i.HAL_TIM_PWM_PulseFinishedCallback      0x08001adc   Section        0  stm32f4xx_hal_tim.o(i.HAL_TIM_PWM_PulseFinishedCallback)
    i.HAL_TIM_PWM_Start                      0x08001ae0   Section        0  stm32f4xx_hal_tim.o(i.HAL_TIM_PWM_Start)
    i.HAL_TIM_PeriodElapsedCallback          0x08001b24   Section        0  stm32f4xx_hal_tim.o(i.HAL_TIM_PeriodElapsedCallback)
    i.HAL_TIM_ReadCapturedValue              0x08001b26   Section        0  stm32f4xx_hal_tim.o(i.HAL_TIM_ReadCapturedValue)
    i.HAL_TIM_TriggerCallback                0x08001b50   Section        0  stm32f4xx_hal_tim.o(i.HAL_TIM_TriggerCallback)
    i.HAL_UART_DMAStop                       0x08001b52   Section        0  stm32f4xx_hal_uart.o(i.HAL_UART_DMAStop)
    i.HAL_UART_ErrorCallback                 0x08001baa   Section        0  stm32f4xx_hal_uart.o(i.HAL_UART_ErrorCallback)
    i.HAL_UART_IRQHandler                    0x08001bac   Section        0  stm32f4xx_hal_uart.o(i.HAL_UART_IRQHandler)
    i.HAL_UART_Init                          0x08001cbc   Section        0  stm32f4xx_hal_uart.o(i.HAL_UART_Init)
    i.HAL_UART_MspInit                       0x08001d20   Section        0  stm32f4xx_hal_msp.o(i.HAL_UART_MspInit)
    i.HAL_UART_Receive_DMA                   0x08001f40   Section        0  stm32f4xx_hal_uart.o(i.HAL_UART_Receive_DMA)
    i.HAL_UART_RxCpltCallback                0x08001fd8   Section        0  stm32f4xx_hal_uart.o(i.HAL_UART_RxCpltCallback)
    i.HAL_UART_RxHalfCpltCallback            0x08001fda   Section        0  stm32f4xx_hal_uart.o(i.HAL_UART_RxHalfCpltCallback)
    i.HAL_UART_Transmit                      0x08001fdc   Section        0  stm32f4xx_hal_uart.o(i.HAL_UART_Transmit)
    i.HAL_UART_TxCpltCallback                0x08002096   Section        0  stm32f4xx_hal_uart.o(i.HAL_UART_TxCpltCallback)
    i.HardFault_Handler                      0x08002098   Section        0  stm32f4xx_it.o(i.HardFault_Handler)
    i.MX_DMA_Init                            0x0800209c   Section        0  main.o(i.MX_DMA_Init)
    MX_DMA_Init                              0x0800209d   Thumb Code    88  main.o(i.MX_DMA_Init)
    i.MX_GPIO_Init                           0x080020f8   Section        0  main.o(i.MX_GPIO_Init)
    MX_GPIO_Init                             0x080020f9   Thumb Code   458  main.o(i.MX_GPIO_Init)
    i.MX_TIM2_Init                           0x080022e4   Section        0  main.o(i.MX_TIM2_Init)
    MX_TIM2_Init                             0x080022e5   Thumb Code    86  main.o(i.MX_TIM2_Init)
    i.MX_TIM3_Init                           0x08002340   Section        0  main.o(i.MX_TIM3_Init)
    MX_TIM3_Init                             0x08002341   Thumb Code    84  main.o(i.MX_TIM3_Init)
    i.MX_TIM4_Init                           0x0800239c   Section        0  main.o(i.MX_TIM4_Init)
    MX_TIM4_Init                             0x0800239d   Thumb Code    84  main.o(i.MX_TIM4_Init)
    i.MX_TIM5_Init                           0x080023f8   Section        0  main.o(i.MX_TIM5_Init)
    MX_TIM5_Init                             0x080023f9   Thumb Code    84  main.o(i.MX_TIM5_Init)
    i.MX_TIM8_Init                           0x08002454   Section        0  main.o(i.MX_TIM8_Init)
    MX_TIM8_Init                             0x08002455   Thumb Code   158  main.o(i.MX_TIM8_Init)
    i.MX_TIM9_Init                           0x080024fc   Section        0  main.o(i.MX_TIM9_Init)
    MX_TIM9_Init                             0x080024fd   Thumb Code    60  main.o(i.MX_TIM9_Init)
    i.MemManage_Handler                      0x08002540   Section        0  stm32f4xx_it.o(i.MemManage_Handler)
    i.MotorParamInit                         0x08002542   Section        0  motor.o(i.MotorParamInit)
    i.NMI_Handler                            0x0800255a   Section        0  stm32f4xx_it.o(i.NMI_Handler)
    i.PID_Calc                               0x0800255c   Section        0  pid.o(i.PID_Calc)
    i.PendSV_Handler                         0x080025d2   Section        0  stm32f4xx_it.o(i.PendSV_Handler)
    i.RemoteReceiveHandle                    0x080025d4   Section        0  wifi_rec.o(i.RemoteReceiveHandle)
    i.Robot_task                             0x08002658   Section        0  user.o(i.Robot_task)
    i.SVC_Handler                            0x080027e4   Section        0  stm32f4xx_it.o(i.SVC_Handler)
    i.SysTick_Handler                        0x080027e6   Section        0  stm32f4xx_it.o(i.SysTick_Handler)
    i.SystemClock_Config                     0x080027ec   Section        0  main.o(i.SystemClock_Config)
    i.SystemInit                             0x08002874   Section        0  system_stm32f4xx.o(i.SystemInit)
    i.TIM1_BRK_TIM9_IRQHandler               0x080028c8   Section        0  stm32f4xx_it.o(i.TIM1_BRK_TIM9_IRQHandler)
    i.TIM2_IRQHandler                        0x080029c8   Section        0  stm32f4xx_it.o(i.TIM2_IRQHandler)
    i.TIM3_IRQHandler                        0x080029d4   Section        0  stm32f4xx_it.o(i.TIM3_IRQHandler)
    i.TIM4_IRQHandler                        0x080029e0   Section        0  stm32f4xx_it.o(i.TIM4_IRQHandler)
    i.TIM5_IRQHandler                        0x080029ec   Section        0  stm32f4xx_it.o(i.TIM5_IRQHandler)
    i.TIM_Base_SetConfig                     0x080029f8   Section        0  stm32f4xx_hal_tim.o(i.TIM_Base_SetConfig)
    i.TIM_CCxChannelCmd                      0x08002ac0   Section        0  stm32f4xx_hal_tim.o(i.TIM_CCxChannelCmd)
    i.TIM_OC1_SetConfig                      0x08002adc   Section        0  stm32f4xx_hal_tim.o(i.TIM_OC1_SetConfig)
    TIM_OC1_SetConfig                        0x08002add   Thumb Code    88  stm32f4xx_hal_tim.o(i.TIM_OC1_SetConfig)
    i.TIM_OC2_SetConfig                      0x08002b3c   Section        0  stm32f4xx_hal_tim.o(i.TIM_OC2_SetConfig)
    i.TIM_OC3_SetConfig                      0x08002ba8   Section        0  stm32f4xx_hal_tim.o(i.TIM_OC3_SetConfig)
    TIM_OC3_SetConfig                        0x08002ba9   Thumb Code    96  stm32f4xx_hal_tim.o(i.TIM_OC3_SetConfig)
    i.TIM_OC4_SetConfig                      0x08002c10   Section        0  stm32f4xx_hal_tim.o(i.TIM_OC4_SetConfig)
    TIM_OC4_SetConfig                        0x08002c11   Thumb Code    70  stm32f4xx_hal_tim.o(i.TIM_OC4_SetConfig)
    i.TIM_TI1_SetConfig                      0x08002c60   Section        0  stm32f4xx_hal_tim.o(i.TIM_TI1_SetConfig)
    i.TIM_TI2_SetConfig                      0x08002ce0   Section        0  stm32f4xx_hal_tim.o(i.TIM_TI2_SetConfig)
    TIM_TI2_SetConfig                        0x08002ce1   Thumb Code    54  stm32f4xx_hal_tim.o(i.TIM_TI2_SetConfig)
    i.UART_DMAAbortOnError                   0x08002d16   Section        0  stm32f4xx_hal_uart.o(i.UART_DMAAbortOnError)
    UART_DMAAbortOnError                     0x08002d17   Thumb Code    16  stm32f4xx_hal_uart.o(i.UART_DMAAbortOnError)
    i.UART_DMAError                          0x08002d26   Section        0  stm32f4xx_hal_uart.o(i.UART_DMAError)
    UART_DMAError                            0x08002d27   Thumb Code    74  stm32f4xx_hal_uart.o(i.UART_DMAError)
    i.UART_DMAReceiveCplt                    0x08002d70   Section        0  stm32f4xx_hal_uart.o(i.UART_DMAReceiveCplt)
    UART_DMAReceiveCplt                      0x08002d71   Thumb Code    60  stm32f4xx_hal_uart.o(i.UART_DMAReceiveCplt)
    i.UART_DMARxHalfCplt                     0x08002dac   Section        0  stm32f4xx_hal_uart.o(i.UART_DMARxHalfCplt)
    UART_DMARxHalfCplt                       0x08002dad   Thumb Code    10  stm32f4xx_hal_uart.o(i.UART_DMARxHalfCplt)
    i.UART_EndRxTransfer                     0x08002db6   Section        0  stm32f4xx_hal_uart.o(i.UART_EndRxTransfer)
    UART_EndRxTransfer                       0x08002db7   Thumb Code    28  stm32f4xx_hal_uart.o(i.UART_EndRxTransfer)
    i.UART_EndTxTransfer                     0x08002dd2   Section        0  stm32f4xx_hal_uart.o(i.UART_EndTxTransfer)
    UART_EndTxTransfer                       0x08002dd3   Thumb Code    18  stm32f4xx_hal_uart.o(i.UART_EndTxTransfer)
    i.UART_Receive_IT                        0x08002de4   Section        0  stm32f4xx_hal_uart.o(i.UART_Receive_IT)
    UART_Receive_IT                          0x08002de5   Thumb Code   150  stm32f4xx_hal_uart.o(i.UART_Receive_IT)
    i.UART_SetConfig                         0x08002e7c   Section        0  stm32f4xx_hal_uart.o(i.UART_SetConfig)
    UART_SetConfig                           0x08002e7d   Thumb Code   676  stm32f4xx_hal_uart.o(i.UART_SetConfig)
    i.UART_Transmit_IT                       0x08003128   Section        0  stm32f4xx_hal_uart.o(i.UART_Transmit_IT)
    UART_Transmit_IT                         0x08003129   Thumb Code    98  stm32f4xx_hal_uart.o(i.UART_Transmit_IT)
    i.UART_WaitOnFlagUntilTimeout            0x0800318a   Section        0  stm32f4xx_hal_uart.o(i.UART_WaitOnFlagUntilTimeout)
    UART_WaitOnFlagUntilTimeout              0x0800318b   Thumb Code   100  stm32f4xx_hal_uart.o(i.UART_WaitOnFlagUntilTimeout)
    i.USART1_IRQHandler                      0x080031f0   Section        0  stm32f4xx_it.o(i.USART1_IRQHandler)
    i.USART2_IRQHandler                      0x080031fc   Section        0  stm32f4xx_it.o(i.USART2_IRQHandler)
    i.USART3_IRQHandler                      0x08003210   Section        0  stm32f4xx_it.o(i.USART3_IRQHandler)
    i.UsageFault_Handler                     0x0800321c   Section        0  stm32f4xx_it.o(i.UsageFault_Handler)
    i.WIFI_RECEIVE                           0x08003220   Section        0  wifi_rec.o(i.WIFI_RECEIVE)
    i.__NVIC_SetPriority                     0x080032a8   Section        0  stm32f4xx_hal_cortex.o(i.__NVIC_SetPriority)
    __NVIC_SetPriority                       0x080032a9   Thumb Code    32  stm32f4xx_hal_cortex.o(i.__NVIC_SetPriority)
    i.__scatterload_copy                     0x080032c8   Section       14  handlers.o(i.__scatterload_copy)
    i.__scatterload_null                     0x080032d6   Section        2  handlers.o(i.__scatterload_null)
    i.__scatterload_zeroinit                 0x080032d8   Section       14  handlers.o(i.__scatterload_zeroinit)
    i.main                                   0x080032e8   Section        0  main.o(i.main)
    i.motor_control                          0x0800337c   Section        0  motor.o(i.motor_control)
    i.motor_feedback                         0x08003410   Section        0  motor.o(i.motor_feedback)
    i.stringTOint                            0x08003524   Section        0  wifi_rec.o(i.stringTOint)
    i.user_sys_init                          0x0800359c   Section        0  user.o(i.user_sys_init)
    .constdata                               0x08003754   Section        8  stm32f4xx_hal_dma.o(.constdata)
    flagBitshiftOffset                       0x08003754   Data           8  stm32f4xx_hal_dma.o(.constdata)
    .constdata                               0x0800375c   Section       16  system_stm32f4xx.o(.constdata)
    .constdata                               0x0800376c   Section        8  system_stm32f4xx.o(.constdata)
    .data                                    0x20000000   Section       92  motor.o(.data)
    .data                                    0x2000005c   Section       92  motor.o(.data)
    .data                                    0x200000b8   Section       92  motor.o(.data)
    .data                                    0x20000114   Section       92  motor.o(.data)
    .data                                    0x20000170   Section       36  motor.o(.data)
    tick_last1                               0x20000170   Data           4  motor.o(.data)
    tick_last2                               0x20000174   Data           4  motor.o(.data)
    tick_last3                               0x20000178   Data           4  motor.o(.data)
    tick_last4                               0x2000017c   Data           4  motor.o(.data)
    tick_last                                0x20000180   Data           4  motor.o(.data)
    last_milli_time1                         0x20000184   Data           4  motor.o(.data)
    last_milli_time2                         0x20000188   Data           4  motor.o(.data)
    last_milli_time3                         0x2000018c   Data           4  motor.o(.data)
    last_milli_time4                         0x20000190   Data           4  motor.o(.data)
    .data                                    0x20000194   Section       87  user.o(.data)
    .data                                    0x200001ec   Section       14  wifi_rec.o(.data)
    .data                                    0x200001fc   Section       28  stm32f4xx_it.o(.data)
    PWM_2                                    0x20000210   Data           4  stm32f4xx_it.o(.data)
    PWM_1                                    0x20000214   Data           4  stm32f4xx_it.o(.data)
    .data                                    0x20000218   Section       12  stm32f4xx_hal.o(.data)
    .data                                    0x20000224   Section        4  system_stm32f4xx.o(.data)
    .bss                                     0x20000228   Section       12  user.o(.bss)
    .bss                                     0x20000234   Section       42  wifi_rec.o(.bss)
    .bss                                     0x20000260   Section      576  main.o(.bss)
    .bss                                     0x200004a0   Section       96  main.o(.bss)
    .bss                                     0x20000500   Section       96  main.o(.bss)
    .bss                                     0x20000560   Section       96  main.o(.bss)
    .bss                                     0x200005c0   Section      108  stm32f4xx_it.o(.bss)
    STACK                                    0x20000630   Section     1024  startup_stm32f429xx.o(STACK)

    Global Symbols

    Symbol Name                              Value     Ov Type        Size  Object(Section)

    BuildAttributes$$THM_ISAv4$E$P$D$K$B$S$7EM$VFPi3$EXTD16$VFPS$VFMA$PE$A:L22UL41UL21$X:L11$S22US41US21$IEEE1$IW$USESV6$~STKCKD$USESV7$~SHL$OSPACE$ROPI$EBA8$MICROLIB$REQ8$PRES8$EABIv2 0x00000000   Number         0  anon$$obj.o ABSOLUTE
    __ARM_use_no_argv                        0x00000000   Number         0  main.o ABSOLUTE
    __cpp_initialize__aeabi_                  - Undefined Weak Reference
    __cxa_finalize                            - Undefined Weak Reference
    _clock_init                               - Undefined Weak Reference
    _microlib_exit                            - Undefined Weak Reference
    __Vectors_Size                           0x000001ac   Number         0  startup_stm32f429xx.o ABSOLUTE
    __Vectors                                0x08000000   Data           4  startup_stm32f429xx.o(RESET)
    __Vectors_End                            0x080001ac   Data           0  startup_stm32f429xx.o(RESET)
    __main                                   0x080001ad   Thumb Code     0  entry.o(.ARM.Collect$$$$00000000)
    _main_stk                                0x080001ad   Thumb Code     0  entry2.o(.ARM.Collect$$$$00000001)
    _main_scatterload                        0x080001b1   Thumb Code     0  entry5.o(.ARM.Collect$$$$00000004)
    __main_after_scatterload                 0x080001b5   Thumb Code     0  entry5.o(.ARM.Collect$$$$00000004)
    _main_clock                              0x080001b5   Thumb Code     0  entry7b.o(.ARM.Collect$$$$00000008)
    _main_cpp_init                           0x080001b5   Thumb Code     0  entry8b.o(.ARM.Collect$$$$0000000A)
    _main_init                               0x080001b5   Thumb Code     0  entry9a.o(.ARM.Collect$$$$0000000B)
    __rt_final_cpp                           0x080001bd   Thumb Code     0  entry10a.o(.ARM.Collect$$$$0000000D)
    __rt_final_exit                          0x080001bd   Thumb Code     0  entry11a.o(.ARM.Collect$$$$0000000F)
    Reset_Handler                            0x080001c1   Thumb Code     8  startup_stm32f429xx.o(.text)
    ADC_IRQHandler                           0x080001db   Thumb Code     0  startup_stm32f429xx.o(.text)
    CAN1_RX0_IRQHandler                      0x080001db   Thumb Code     0  startup_stm32f429xx.o(.text)
    CAN1_RX1_IRQHandler                      0x080001db   Thumb Code     0  startup_stm32f429xx.o(.text)
    CAN1_SCE_IRQHandler                      0x080001db   Thumb Code     0  startup_stm32f429xx.o(.text)
    CAN1_TX_IRQHandler                       0x080001db   Thumb Code     0  startup_stm32f429xx.o(.text)
    CAN2_RX0_IRQHandler                      0x080001db   Thumb Code     0  startup_stm32f429xx.o(.text)
    CAN2_RX1_IRQHandler                      0x080001db   Thumb Code     0  startup_stm32f429xx.o(.text)
    CAN2_SCE_IRQHandler                      0x080001db   Thumb Code     0  startup_stm32f429xx.o(.text)
    CAN2_TX_IRQHandler                       0x080001db   Thumb Code     0  startup_stm32f429xx.o(.text)
    DCMI_IRQHandler                          0x080001db   Thumb Code     0  startup_stm32f429xx.o(.text)
    DMA1_Stream0_IRQHandler                  0x080001db   Thumb Code     0  startup_stm32f429xx.o(.text)
    DMA1_Stream1_IRQHandler                  0x080001db   Thumb Code     0  startup_stm32f429xx.o(.text)
    DMA1_Stream2_IRQHandler                  0x080001db   Thumb Code     0  startup_stm32f429xx.o(.text)
    DMA1_Stream4_IRQHandler                  0x080001db   Thumb Code     0  startup_stm32f429xx.o(.text)
    DMA1_Stream6_IRQHandler                  0x080001db   Thumb Code     0  startup_stm32f429xx.o(.text)
    DMA1_Stream7_IRQHandler                  0x080001db   Thumb Code     0  startup_stm32f429xx.o(.text)
    DMA2D_IRQHandler                         0x080001db   Thumb Code     0  startup_stm32f429xx.o(.text)
    DMA2_Stream0_IRQHandler                  0x080001db   Thumb Code     0  startup_stm32f429xx.o(.text)
    DMA2_Stream1_IRQHandler                  0x080001db   Thumb Code     0  startup_stm32f429xx.o(.text)
    DMA2_Stream2_IRQHandler                  0x080001db   Thumb Code     0  startup_stm32f429xx.o(.text)
    DMA2_Stream3_IRQHandler                  0x080001db   Thumb Code     0  startup_stm32f429xx.o(.text)
    DMA2_Stream4_IRQHandler                  0x080001db   Thumb Code     0  startup_stm32f429xx.o(.text)
    DMA2_Stream5_IRQHandler                  0x080001db   Thumb Code     0  startup_stm32f429xx.o(.text)
    DMA2_Stream6_IRQHandler                  0x080001db   Thumb Code     0  startup_stm32f429xx.o(.text)
    ETH_IRQHandler                           0x080001db   Thumb Code     0  startup_stm32f429xx.o(.text)
    ETH_WKUP_IRQHandler                      0x080001db   Thumb Code     0  startup_stm32f429xx.o(.text)
    EXTI0_IRQHandler                         0x080001db   Thumb Code     0  startup_stm32f429xx.o(.text)
    EXTI15_10_IRQHandler                     0x080001db   Thumb Code     0  startup_stm32f429xx.o(.text)
    EXTI1_IRQHandler                         0x080001db   Thumb Code     0  startup_stm32f429xx.o(.text)
    EXTI2_IRQHandler                         0x080001db   Thumb Code     0  startup_stm32f429xx.o(.text)
    EXTI3_IRQHandler                         0x080001db   Thumb Code     0  startup_stm32f429xx.o(.text)
    EXTI4_IRQHandler                         0x080001db   Thumb Code     0  startup_stm32f429xx.o(.text)
    EXTI9_5_IRQHandler                       0x080001db   Thumb Code     0  startup_stm32f429xx.o(.text)
    FLASH_IRQHandler                         0x080001db   Thumb Code     0  startup_stm32f429xx.o(.text)
    FMC_IRQHandler                           0x080001db   Thumb Code     0  startup_stm32f429xx.o(.text)
    FPU_IRQHandler                           0x080001db   Thumb Code     0  startup_stm32f429xx.o(.text)
    HASH_RNG_IRQHandler                      0x080001db   Thumb Code     0  startup_stm32f429xx.o(.text)
    I2C1_ER_IRQHandler                       0x080001db   Thumb Code     0  startup_stm32f429xx.o(.text)
    I2C1_EV_IRQHandler                       0x080001db   Thumb Code     0  startup_stm32f429xx.o(.text)
    I2C2_ER_IRQHandler                       0x080001db   Thumb Code     0  startup_stm32f429xx.o(.text)
    I2C2_EV_IRQHandler                       0x080001db   Thumb Code     0  startup_stm32f429xx.o(.text)
    I2C3_ER_IRQHandler                       0x080001db   Thumb Code     0  startup_stm32f429xx.o(.text)
    I2C3_EV_IRQHandler                       0x080001db   Thumb Code     0  startup_stm32f429xx.o(.text)
    LTDC_ER_IRQHandler                       0x080001db   Thumb Code     0  startup_stm32f429xx.o(.text)
    LTDC_IRQHandler                          0x080001db   Thumb Code     0  startup_stm32f429xx.o(.text)
    OTG_FS_IRQHandler                        0x080001db   Thumb Code     0  startup_stm32f429xx.o(.text)
    OTG_FS_WKUP_IRQHandler                   0x080001db   Thumb Code     0  startup_stm32f429xx.o(.text)
    OTG_HS_EP1_IN_IRQHandler                 0x080001db   Thumb Code     0  startup_stm32f429xx.o(.text)
    OTG_HS_EP1_OUT_IRQHandler                0x080001db   Thumb Code     0  startup_stm32f429xx.o(.text)
    OTG_HS_IRQHandler                        0x080001db   Thumb Code     0  startup_stm32f429xx.o(.text)
    OTG_HS_WKUP_IRQHandler                   0x080001db   Thumb Code     0  startup_stm32f429xx.o(.text)
    PVD_IRQHandler                           0x080001db   Thumb Code     0  startup_stm32f429xx.o(.text)
    RCC_IRQHandler                           0x080001db   Thumb Code     0  startup_stm32f429xx.o(.text)
    RTC_Alarm_IRQHandler                     0x080001db   Thumb Code     0  startup_stm32f429xx.o(.text)
    RTC_WKUP_IRQHandler                      0x080001db   Thumb Code     0  startup_stm32f429xx.o(.text)
    SAI1_IRQHandler                          0x080001db   Thumb Code     0  startup_stm32f429xx.o(.text)
    SDIO_IRQHandler                          0x080001db   Thumb Code     0  startup_stm32f429xx.o(.text)
    SPI1_IRQHandler                          0x080001db   Thumb Code     0  startup_stm32f429xx.o(.text)
    SPI2_IRQHandler                          0x080001db   Thumb Code     0  startup_stm32f429xx.o(.text)
    SPI3_IRQHandler                          0x080001db   Thumb Code     0  startup_stm32f429xx.o(.text)
    SPI4_IRQHandler                          0x080001db   Thumb Code     0  startup_stm32f429xx.o(.text)
    SPI5_IRQHandler                          0x080001db   Thumb Code     0  startup_stm32f429xx.o(.text)
    SPI6_IRQHandler                          0x080001db   Thumb Code     0  startup_stm32f429xx.o(.text)
    TAMP_STAMP_IRQHandler                    0x080001db   Thumb Code     0  startup_stm32f429xx.o(.text)
    TIM1_CC_IRQHandler                       0x080001db   Thumb Code     0  startup_stm32f429xx.o(.text)
    TIM1_TRG_COM_TIM11_IRQHandler            0x080001db   Thumb Code     0  startup_stm32f429xx.o(.text)
    TIM1_UP_TIM10_IRQHandler                 0x080001db   Thumb Code     0  startup_stm32f429xx.o(.text)
    TIM6_DAC_IRQHandler                      0x080001db   Thumb Code     0  startup_stm32f429xx.o(.text)
    TIM7_IRQHandler                          0x080001db   Thumb Code     0  startup_stm32f429xx.o(.text)
    TIM8_BRK_TIM12_IRQHandler                0x080001db   Thumb Code     0  startup_stm32f429xx.o(.text)
    TIM8_CC_IRQHandler                       0x080001db   Thumb Code     0  startup_stm32f429xx.o(.text)
    TIM8_TRG_COM_TIM14_IRQHandler            0x080001db   Thumb Code     0  startup_stm32f429xx.o(.text)
    TIM8_UP_TIM13_IRQHandler                 0x080001db   Thumb Code     0  startup_stm32f429xx.o(.text)
    UART4_IRQHandler                         0x080001db   Thumb Code     0  startup_stm32f429xx.o(.text)
    UART5_IRQHandler                         0x080001db   Thumb Code     0  startup_stm32f429xx.o(.text)
    UART7_IRQHandler                         0x080001db   Thumb Code     0  startup_stm32f429xx.o(.text)
    UART8_IRQHandler                         0x080001db   Thumb Code     0  startup_stm32f429xx.o(.text)
    USART6_IRQHandler                        0x080001db   Thumb Code     0  startup_stm32f429xx.o(.text)
    WWDG_IRQHandler                          0x080001db   Thumb Code     0  startup_stm32f429xx.o(.text)
    __aeabi_uldivmod                         0x080001e5   Thumb Code    98  uldiv.o(.text)
    __aeabi_memset                           0x08000247   Thumb Code    14  memseta.o(.text)
    __aeabi_memset4                          0x08000247   Thumb Code     0  memseta.o(.text)
    __aeabi_memset8                          0x08000247   Thumb Code     0  memseta.o(.text)
    __aeabi_memclr                           0x08000255   Thumb Code     4  memseta.o(.text)
    __aeabi_memclr4                          0x08000255   Thumb Code     0  memseta.o(.text)
    __aeabi_memclr8                          0x08000255   Thumb Code     0  memseta.o(.text)
    _memset$wrapper                          0x08000259   Thumb Code    18  memseta.o(.text)
    __aeabi_ddiv                             0x0800026b   Thumb Code   222  ddiv.o(.text)
    __aeabi_i2d                              0x08000349   Thumb Code    34  dflti.o(.text)
    __aeabi_ui2d                             0x0800036b   Thumb Code    26  dfltui.o(.text)
    __aeabi_d2iz                             0x08000385   Thumb Code    62  dfixi.o(.text)
    __aeabi_llsl                             0x080003c3   Thumb Code    30  llshl.o(.text)
    _ll_shift_l                              0x080003c3   Thumb Code     0  llshl.o(.text)
    __aeabi_llsr                             0x080003e1   Thumb Code    32  llushr.o(.text)
    _ll_ushift_r                             0x080003e1   Thumb Code     0  llushr.o(.text)
    __I$use$fp                               0x08000401   Thumb Code     0  iusefp.o(.text)
    _double_round                            0x08000401   Thumb Code    30  depilogue.o(.text)
    _double_epilogue                         0x0800041f   Thumb Code   156  depilogue.o(.text)
    __scatterload                            0x080004bd   Thumb Code    28  init.o(.text)
    __scatterload_rt2                        0x080004bd   Thumb Code     0  init.o(.text)
    __decompress                             0x080004e1   Thumb Code     0  __dczerorl2.o(.text)
    __decompress1                            0x080004e1   Thumb Code    86  __dczerorl2.o(.text)
    BusFault_Handler                         0x08000537   Thumb Code     2  stm32f4xx_it.o(i.BusFault_Handler)
    DMA1_Stream3_IRQHandler                  0x08000539   Thumb Code     6  stm32f4xx_it.o(i.DMA1_Stream3_IRQHandler)
    DMA1_Stream5_IRQHandler                  0x08000545   Thumb Code     6  stm32f4xx_it.o(i.DMA1_Stream5_IRQHandler)
    DMA2_Stream7_IRQHandler                  0x08000551   Thumb Code     6  stm32f4xx_it.o(i.DMA2_Stream7_IRQHandler)
    DebugMon_Handler                         0x08000601   Thumb Code     2  stm32f4xx_it.o(i.DebugMon_Handler)
    Error_Handler                            0x08000603   Thumb Code     2  main.o(i.Error_Handler)
    HAL_DMA_Abort                            0x08000605   Thumb Code   142  stm32f4xx_hal_dma.o(i.HAL_DMA_Abort)
    HAL_DMA_Abort_IT                         0x08000693   Thumb Code    36  stm32f4xx_hal_dma.o(i.HAL_DMA_Abort_IT)
    HAL_DMA_IRQHandler                       0x080006b9   Thumb Code   412  stm32f4xx_hal_dma.o(i.HAL_DMA_IRQHandler)
    HAL_DMA_Init                             0x08000859   Thumb Code   206  stm32f4xx_hal_dma.o(i.HAL_DMA_Init)
    HAL_DMA_Start_IT                         0x0800092d   Thumb Code   120  stm32f4xx_hal_dma.o(i.HAL_DMA_Start_IT)
    HAL_Delay                                0x080009a5   Thumb Code    32  stm32f4xx_hal.o(i.HAL_Delay)
    HAL_GPIO_Init                            0x080009c9   Thumb Code   408  stm32f4xx_hal_gpio.o(i.HAL_GPIO_Init)
    HAL_GPIO_WritePin                        0x08000b95   Thumb Code    10  stm32f4xx_hal_gpio.o(i.HAL_GPIO_WritePin)
    HAL_GetTick                              0x08000ba1   Thumb Code     6  stm32f4xx_hal.o(i.HAL_GetTick)
    HAL_IncTick                              0x08000bad   Thumb Code    12  stm32f4xx_hal.o(i.HAL_IncTick)
    HAL_Init                                 0x08000bbd   Thumb Code    48  stm32f4xx_hal.o(i.HAL_Init)
    HAL_InitTick                             0x08000bf1   Thumb Code    54  stm32f4xx_hal.o(i.HAL_InitTick)
    HAL_MspInit                              0x08000c31   Thumb Code    42  stm32f4xx_hal_msp.o(i.HAL_MspInit)
    HAL_NVIC_EnableIRQ                       0x08000c61   Thumb Code    26  stm32f4xx_hal_cortex.o(i.HAL_NVIC_EnableIRQ)
    HAL_NVIC_SetPriority                     0x08000c7d   Thumb Code    60  stm32f4xx_hal_cortex.o(i.HAL_NVIC_SetPriority)
    HAL_NVIC_SetPriorityGrouping             0x08000cbd   Thumb Code    26  stm32f4xx_hal_cortex.o(i.HAL_NVIC_SetPriorityGrouping)
    HAL_PWREx_EnableOverDrive                0x08000ce1   Thumb Code    98  stm32f4xx_hal_pwr_ex.o(i.HAL_PWREx_EnableOverDrive)
    HAL_RCC_ClockConfig                      0x08000d51   Thumb Code   286  stm32f4xx_hal_rcc.o(i.HAL_RCC_ClockConfig)
    HAL_RCC_GetPCLK1Freq                     0x08000e81   Thumb Code    20  stm32f4xx_hal_rcc.o(i.HAL_RCC_GetPCLK1Freq)
    HAL_RCC_GetPCLK2Freq                     0x08000ea1   Thumb Code    20  stm32f4xx_hal_rcc.o(i.HAL_RCC_GetPCLK2Freq)
    HAL_RCC_GetSysClockFreq                  0x08000ec1   Thumb Code    88  stm32f4xx_hal_rcc.o(i.HAL_RCC_GetSysClockFreq)
    HAL_RCC_OscConfig                        0x08000f25   Thumb Code   770  stm32f4xx_hal_rcc.o(i.HAL_RCC_OscConfig)
    HAL_SYSTICK_Config                       0x08001241   Thumb Code    40  stm32f4xx_hal_cortex.o(i.HAL_SYSTICK_Config)
    HAL_TIMEx_BreakCallback                  0x08001269   Thumb Code     2  stm32f4xx_hal_tim_ex.o(i.HAL_TIMEx_BreakCallback)
    HAL_TIMEx_CommutCallback                 0x0800126b   Thumb Code     2  stm32f4xx_hal_tim_ex.o(i.HAL_TIMEx_CommutCallback)
    HAL_TIMEx_ConfigBreakDeadTime            0x0800126d   Thumb Code    84  stm32f4xx_hal_tim_ex.o(i.HAL_TIMEx_ConfigBreakDeadTime)
    HAL_TIMEx_MasterConfigSynchronization    0x080012c1   Thumb Code    66  stm32f4xx_hal_tim_ex.o(i.HAL_TIMEx_MasterConfigSynchronization)
    HAL_TIM_Encoder_Init                     0x08001303   Thumb Code   152  stm32f4xx_hal_tim.o(i.HAL_TIM_Encoder_Init)
    HAL_TIM_Encoder_MspInit                  0x0800139d   Thumb Code   430  stm32f4xx_hal_msp.o(i.HAL_TIM_Encoder_MspInit)
    HAL_TIM_Encoder_Start                    0x08001571   Thumb Code    52  stm32f4xx_hal_tim.o(i.HAL_TIM_Encoder_Start)
    HAL_TIM_IC_CaptureCallback               0x080015a5   Thumb Code     2  stm32f4xx_hal_tim.o(i.HAL_TIM_IC_CaptureCallback)
    HAL_TIM_IC_ConfigChannel                 0x080015a9   Thumb Code   286  stm32f4xx_hal_tim.o(i.HAL_TIM_IC_ConfigChannel)
    HAL_TIM_IC_Init                          0x080016c7   Thumb Code    54  stm32f4xx_hal_tim.o(i.HAL_TIM_IC_Init)
    HAL_TIM_IC_MspInit                       0x080016fd   Thumb Code   106  stm32f4xx_hal_msp.o(i.HAL_TIM_IC_MspInit)
    HAL_TIM_IC_Start_IT                      0x08001775   Thumb Code    86  stm32f4xx_hal_tim.o(i.HAL_TIM_IC_Start_IT)
    HAL_TIM_IRQHandler                       0x080017cb   Thumb Code   358  stm32f4xx_hal_tim.o(i.HAL_TIM_IRQHandler)
    HAL_TIM_MspPostInit                      0x08001931   Thumb Code   108  stm32f4xx_hal_msp.o(i.HAL_TIM_MspPostInit)
    HAL_TIM_OC_DelayElapsedCallback          0x080019ad   Thumb Code     2  stm32f4xx_hal_tim.o(i.HAL_TIM_OC_DelayElapsedCallback)
    HAL_TIM_PWM_ConfigChannel                0x080019af   Thumb Code   208  stm32f4xx_hal_tim.o(i.HAL_TIM_PWM_ConfigChannel)
    HAL_TIM_PWM_Init                         0x08001a7f   Thumb Code    54  stm32f4xx_hal_tim.o(i.HAL_TIM_PWM_Init)
    HAL_TIM_PWM_MspInit                      0x08001ab5   Thumb Code    30  stm32f4xx_hal_msp.o(i.HAL_TIM_PWM_MspInit)
    HAL_TIM_PWM_PulseFinishedCallback        0x08001add   Thumb Code     2  stm32f4xx_hal_tim.o(i.HAL_TIM_PWM_PulseFinishedCallback)
    HAL_TIM_PWM_Start                        0x08001ae1   Thumb Code    58  stm32f4xx_hal_tim.o(i.HAL_TIM_PWM_Start)
    HAL_TIM_PeriodElapsedCallback            0x08001b25   Thumb Code     2  stm32f4xx_hal_tim.o(i.HAL_TIM_PeriodElapsedCallback)
    HAL_TIM_ReadCapturedValue                0x08001b27   Thumb Code    42  stm32f4xx_hal_tim.o(i.HAL_TIM_ReadCapturedValue)
    HAL_TIM_TriggerCallback                  0x08001b51   Thumb Code     2  stm32f4xx_hal_tim.o(i.HAL_TIM_TriggerCallback)
    HAL_UART_DMAStop                         0x08001b53   Thumb Code    88  stm32f4xx_hal_uart.o(i.HAL_UART_DMAStop)
    HAL_UART_ErrorCallback                   0x08001bab   Thumb Code     2  stm32f4xx_hal_uart.o(i.HAL_UART_ErrorCallback)
    HAL_UART_IRQHandler                      0x08001bad   Thumb Code   266  stm32f4xx_hal_uart.o(i.HAL_UART_IRQHandler)
    HAL_UART_Init                            0x08001cbd   Thumb Code    98  stm32f4xx_hal_uart.o(i.HAL_UART_Init)
    HAL_UART_MspInit                         0x08001d21   Thumb Code   494  stm32f4xx_hal_msp.o(i.HAL_UART_MspInit)
    HAL_UART_Receive_DMA                     0x08001f41   Thumb Code   138  stm32f4xx_hal_uart.o(i.HAL_UART_Receive_DMA)
    HAL_UART_RxCpltCallback                  0x08001fd9   Thumb Code     2  stm32f4xx_hal_uart.o(i.HAL_UART_RxCpltCallback)
    HAL_UART_RxHalfCpltCallback              0x08001fdb   Thumb Code     2  stm32f4xx_hal_uart.o(i.HAL_UART_RxHalfCpltCallback)
    HAL_UART_Transmit                        0x08001fdd   Thumb Code   186  stm32f4xx_hal_uart.o(i.HAL_UART_Transmit)
    HAL_UART_TxCpltCallback                  0x08002097   Thumb Code     2  stm32f4xx_hal_uart.o(i.HAL_UART_TxCpltCallback)
    HardFault_Handler                        0x08002099   Thumb Code     2  stm32f4xx_it.o(i.HardFault_Handler)
    MemManage_Handler                        0x08002541   Thumb Code     2  stm32f4xx_it.o(i.MemManage_Handler)
    MotorParamInit                           0x08002543   Thumb Code    24  motor.o(i.MotorParamInit)
    NMI_Handler                              0x0800255b   Thumb Code     2  stm32f4xx_it.o(i.NMI_Handler)
    PID_Calc                                 0x0800255d   Thumb Code   118  pid.o(i.PID_Calc)
    PendSV_Handler                           0x080025d3   Thumb Code     2  stm32f4xx_it.o(i.PendSV_Handler)
    RemoteReceiveHandle                      0x080025d5   Thumb Code   124  wifi_rec.o(i.RemoteReceiveHandle)
    Robot_task                               0x08002659   Thumb Code   330  user.o(i.Robot_task)
    SVC_Handler                              0x080027e5   Thumb Code     2  stm32f4xx_it.o(i.SVC_Handler)
    SysTick_Handler                          0x080027e7   Thumb Code     4  stm32f4xx_it.o(i.SysTick_Handler)
    SystemClock_Config                       0x080027ed   Thumb Code   128  main.o(i.SystemClock_Config)
    SystemInit                               0x08002875   Thumb Code    66  system_stm32f4xx.o(i.SystemInit)
    TIM1_BRK_TIM9_IRQHandler                 0x080028c9   Thumb Code   244  stm32f4xx_it.o(i.TIM1_BRK_TIM9_IRQHandler)
    TIM2_IRQHandler                          0x080029c9   Thumb Code     6  stm32f4xx_it.o(i.TIM2_IRQHandler)
    TIM3_IRQHandler                          0x080029d5   Thumb Code     6  stm32f4xx_it.o(i.TIM3_IRQHandler)
    TIM4_IRQHandler                          0x080029e1   Thumb Code     6  stm32f4xx_it.o(i.TIM4_IRQHandler)
    TIM5_IRQHandler                          0x080029ed   Thumb Code     6  stm32f4xx_it.o(i.TIM5_IRQHandler)
    TIM_Base_SetConfig                       0x080029f9   Thumb Code   156  stm32f4xx_hal_tim.o(i.TIM_Base_SetConfig)
    TIM_CCxChannelCmd                        0x08002ac1   Thumb Code    26  stm32f4xx_hal_tim.o(i.TIM_CCxChannelCmd)
    TIM_OC2_SetConfig                        0x08002b3d   Thumb Code    98  stm32f4xx_hal_tim.o(i.TIM_OC2_SetConfig)
    TIM_TI1_SetConfig                        0x08002c61   Thumb Code   100  stm32f4xx_hal_tim.o(i.TIM_TI1_SetConfig)
    USART1_IRQHandler                        0x080031f1   Thumb Code     6  stm32f4xx_it.o(i.USART1_IRQHandler)
    USART2_IRQHandler                        0x080031fd   Thumb Code    16  stm32f4xx_it.o(i.USART2_IRQHandler)
    USART3_IRQHandler                        0x08003211   Thumb Code     6  stm32f4xx_it.o(i.USART3_IRQHandler)
    UsageFault_Handler                       0x0800321d   Thumb Code     2  stm32f4xx_it.o(i.UsageFault_Handler)
    WIFI_RECEIVE                             0x08003221   Thumb Code   114  wifi_rec.o(i.WIFI_RECEIVE)
    __scatterload_copy                       0x080032c9   Thumb Code    14  handlers.o(i.__scatterload_copy)
    __scatterload_null                       0x080032d7   Thumb Code     2  handlers.o(i.__scatterload_null)
    __scatterload_zeroinit                   0x080032d9   Thumb Code    14  handlers.o(i.__scatterload_zeroinit)
    main                                     0x080032e9   Thumb Code   130  main.o(i.main)
    motor_control                            0x0800337d   Thumb Code   142  motor.o(i.motor_control)
    motor_feedback                           0x08003411   Thumb Code   256  motor.o(i.motor_feedback)
    stringTOint                              0x08003525   Thumb Code   118  wifi_rec.o(i.stringTOint)
    user_sys_init                            0x0800359d   Thumb Code   376  user.o(i.user_sys_init)
    AHBPrescTable                            0x0800375c   Data          16  system_stm32f4xx.o(.constdata)
    APBPrescTable                            0x0800376c   Data           8  system_stm32f4xx.o(.constdata)
    Region$$Table$$Base                      0x08003774   Number         0  anon$$obj.o(Region$$Table)
    Region$$Table$$Limit                     0x08003794   Number         0  anon$$obj.o(Region$$Table)
    Motor_1                                  0x20000000   Data          92  motor.o(.data)
    Motor_2                                  0x2000005c   Data          92  motor.o(.data)
    Motor_3                                  0x200000b8   Data          92  motor.o(.data)
    Motor_4                                  0x20000114   Data          92  motor.o(.data)
    AT_RST                                   0x20000194   Data           7  user.o(.data)
    AT_INIT                                  0x2000019b   Data          12  user.o(.data)
    AT_WIFI                                  0x200001a7   Data          27  user.o(.data)
    AT_CON                                   0x200001c2   Data          41  user.o(.data)
    index                                    0x200001ec   Data           4  wifi_rec.o(.data)
    first_index                              0x200001f0   Data           4  wifi_rec.o(.data)
    Remote                                   0x200001f4   Data           6  wifi_rec.o(.data)
    remote_ok                                0x200001fc   Data           1  stm32f4xx_it.o(.data)
    sumtime                                  0x20000200   Data           4  stm32f4xx_it.o(.data)
    tim_mode_raise_or_falling1               0x20000204   Data           4  stm32f4xx_it.o(.data)
    pwm_high_level_time1                     0x20000208   Data           4  stm32f4xx_it.o(.data)
    pwm_low_level_time1                      0x2000020c   Data           4  stm32f4xx_it.o(.data)
    uwTickFreq                               0x20000218   Data           1  stm32f4xx_hal.o(.data)
    uwTickPrio                               0x2000021c   Data           4  stm32f4xx_hal.o(.data)
    uwTick                                   0x20000220   Data           4  stm32f4xx_hal.o(.data)
    SystemCoreClock                          0x20000224   Data           4  system_stm32f4xx.o(.data)
    chassis                                  0x20000228   Data          12  user.o(.bss)
    rc_data                                  0x20000234   Data          16  wifi_rec.o(.bss)
    wifi_data                                0x20000244   Data          26  wifi_rec.o(.bss)
    htim2                                    0x20000260   Data          64  main.o(.bss)
    htim3                                    0x200002a0   Data          64  main.o(.bss)
    htim4                                    0x200002e0   Data          64  main.o(.bss)
    htim5                                    0x20000320   Data          64  main.o(.bss)
    htim8                                    0x20000360   Data          64  main.o(.bss)
    htim9                                    0x200003a0   Data          64  main.o(.bss)
    huart1                                   0x200003e0   Data          64  main.o(.bss)
    huart2                                   0x20000420   Data          64  main.o(.bss)
    huart3                                   0x20000460   Data          64  main.o(.bss)
    hdma_usart1_tx                           0x200004a0   Data          96  main.o(.bss)
    hdma_usart2_rx                           0x20000500   Data          96  main.o(.bss)
    hdma_usart3_tx                           0x20000560   Data          96  main.o(.bss)
    data                                     0x200005c0   Data          36  stm32f4xx_it.o(.bss)
    lowdata                                  0x200005e4   Data          36  stm32f4xx_it.o(.bss)
    remote                                   0x20000608   Data          36  stm32f4xx_it.o(.bss)
    __initial_sp                             0x20000a30   Data           0  startup_stm32f429xx.o(STACK)



==============================================================================

Memory Map of the image

  Image Entry point : 0x080001ad

  Load Region LR_IROM1 (Base: 0x08000000, Size: 0x000039bc, Max: 0x00100000, ABSOLUTE, COMPRESSED[0x000037fc])

    Execution Region ER_IROM1 (Exec base: 0x08000000, Load base: 0x08000000, Size: 0x00003794, Max: 0x00100000, ABSOLUTE)

    Exec Addr    Load Addr    Size         Type   Attr      Idx    E Section Name        Object

    0x08000000   0x08000000   0x000001ac   Data   RO            3    RESET               startup_stm32f429xx.o
    0x080001ac   0x080001ac   0x00000000   Code   RO         3166  * .ARM.Collect$$$$00000000  mc_w.l(entry.o)
    0x080001ac   0x080001ac   0x00000004   Code   RO         3211    .ARM.Collect$$$$00000001  mc_w.l(entry2.o)
    0x080001b0   0x080001b0   0x00000004   Code   RO         3214    .ARM.Collect$$$$00000004  mc_w.l(entry5.o)
    0x080001b4   0x080001b4   0x00000000   Code   RO         3216    .ARM.Collect$$$$00000008  mc_w.l(entry7b.o)
    0x080001b4   0x080001b4   0x00000000   Code   RO         3218    .ARM.Collect$$$$0000000A  mc_w.l(entry8b.o)
    0x080001b4   0x080001b4   0x00000008   Code   RO         3219    .ARM.Collect$$$$0000000B  mc_w.l(entry9a.o)
    0x080001bc   0x080001bc   0x00000000   Code   RO         3221    .ARM.Collect$$$$0000000D  mc_w.l(entry10a.o)
    0x080001bc   0x080001bc   0x00000000   Code   RO         3223    .ARM.Collect$$$$0000000F  mc_w.l(entry11a.o)
    0x080001bc   0x080001bc   0x00000004   Code   RO         3212    .ARM.Collect$$$$00002712  mc_w.l(entry2.o)
    0x080001c0   0x080001c0   0x00000024   Code   RO            4    .text               startup_stm32f429xx.o
    0x080001e4   0x080001e4   0x00000062   Code   RO         3169    .text               mc_w.l(uldiv.o)
    0x08000246   0x08000246   0x00000024   Code   RO         3171    .text               mc_w.l(memseta.o)
    0x0800026a   0x0800026a   0x000000de   Code   RO         3203    .text               mf_w.l(ddiv.o)
    0x08000348   0x08000348   0x00000022   Code   RO         3205    .text               mf_w.l(dflti.o)
    0x0800036a   0x0800036a   0x0000001a   Code   RO         3207    .text               mf_w.l(dfltui.o)
    0x08000384   0x08000384   0x0000003e   Code   RO         3209    .text               mf_w.l(dfixi.o)
    0x080003c2   0x080003c2   0x0000001e   Code   RO         3230    .text               mc_w.l(llshl.o)
    0x080003e0   0x080003e0   0x00000020   Code   RO         3232    .text               mc_w.l(llushr.o)
    0x08000400   0x08000400   0x00000000   Code   RO         3234    .text               mc_w.l(iusefp.o)
    0x08000400   0x08000400   0x000000ba   Code   RO         3235    .text               mf_w.l(depilogue.o)
    0x080004ba   0x080004ba   0x00000002   PAD
    0x080004bc   0x080004bc   0x00000024   Code   RO         3245    .text               mc_w.l(init.o)
    0x080004e0   0x080004e0   0x00000056   Code   RO         3259    .text               mc_w.l(__dczerorl2.o)
    0x08000536   0x08000536   0x00000002   Code   RO          441    i.BusFault_Handler  stm32f4xx_it.o
    0x08000538   0x08000538   0x0000000c   Code   RO          442    i.DMA1_Stream3_IRQHandler  stm32f4xx_it.o
    0x08000544   0x08000544   0x0000000c   Code   RO          443    i.DMA1_Stream5_IRQHandler  stm32f4xx_it.o
    0x08000550   0x08000550   0x0000000c   Code   RO          444    i.DMA2_Stream7_IRQHandler  stm32f4xx_it.o
    0x0800055c   0x0800055c   0x00000028   Code   RO         2431    i.DMA_CalcBaseAndBitshift  stm32f4xx_hal_dma.o
    0x08000584   0x08000584   0x00000054   Code   RO         2432    i.DMA_CheckFifoParam  stm32f4xx_hal_dma.o
    0x080005d8   0x080005d8   0x00000028   Code   RO         2433    i.DMA_SetConfig     stm32f4xx_hal_dma.o
    0x08000600   0x08000600   0x00000002   Code   RO          445    i.DebugMon_Handler  stm32f4xx_it.o
    0x08000602   0x08000602   0x00000002   Code   RO          355    i.Error_Handler     main.o
    0x08000604   0x08000604   0x0000008e   Code   RO         2434    i.HAL_DMA_Abort     stm32f4xx_hal_dma.o
    0x08000692   0x08000692   0x00000024   Code   RO         2435    i.HAL_DMA_Abort_IT  stm32f4xx_hal_dma.o
    0x080006b6   0x080006b6   0x00000002   PAD
    0x080006b8   0x080006b8   0x000001a0   Code   RO         2439    i.HAL_DMA_IRQHandler  stm32f4xx_hal_dma.o
    0x08000858   0x08000858   0x000000d4   Code   RO         2440    i.HAL_DMA_Init      stm32f4xx_hal_dma.o
    0x0800092c   0x0800092c   0x00000078   Code   RO         2444    i.HAL_DMA_Start_IT  stm32f4xx_hal_dma.o
    0x080009a4   0x080009a4   0x00000024   Code   RO         2871    i.HAL_Delay         stm32f4xx_hal.o
    0x080009c8   0x080009c8   0x000001cc   Code   RO         2327    i.HAL_GPIO_Init     stm32f4xx_hal_gpio.o
    0x08000b94   0x08000b94   0x0000000a   Code   RO         2331    i.HAL_GPIO_WritePin  stm32f4xx_hal_gpio.o
    0x08000b9e   0x08000b9e   0x00000002   PAD
    0x08000ba0   0x08000ba0   0x0000000c   Code   RO         2879    i.HAL_GetTick       stm32f4xx_hal.o
    0x08000bac   0x08000bac   0x00000010   Code   RO         2885    i.HAL_IncTick       stm32f4xx_hal.o
    0x08000bbc   0x08000bbc   0x00000034   Code   RO         2886    i.HAL_Init          stm32f4xx_hal.o
    0x08000bf0   0x08000bf0   0x00000040   Code   RO         2887    i.HAL_InitTick      stm32f4xx_hal.o
    0x08000c30   0x08000c30   0x00000030   Code   RO          587    i.HAL_MspInit       stm32f4xx_hal_msp.o
    0x08000c60   0x08000c60   0x0000001a   Code   RO         2734    i.HAL_NVIC_EnableIRQ  stm32f4xx_hal_cortex.o
    0x08000c7a   0x08000c7a   0x00000002   PAD
    0x08000c7c   0x08000c7c   0x00000040   Code   RO         2740    i.HAL_NVIC_SetPriority  stm32f4xx_hal_cortex.o
    0x08000cbc   0x08000cbc   0x00000024   Code   RO         2741    i.HAL_NVIC_SetPriorityGrouping  stm32f4xx_hal_cortex.o
    0x08000ce0   0x08000ce0   0x00000070   Code   RO         2663    i.HAL_PWREx_EnableOverDrive  stm32f4xx_hal_pwr_ex.o
    0x08000d50   0x08000d50   0x00000130   Code   RO         1921    i.HAL_RCC_ClockConfig  stm32f4xx_hal_rcc.o
    0x08000e80   0x08000e80   0x00000020   Code   RO         1928    i.HAL_RCC_GetPCLK1Freq  stm32f4xx_hal_rcc.o
    0x08000ea0   0x08000ea0   0x00000020   Code   RO         1929    i.HAL_RCC_GetPCLK2Freq  stm32f4xx_hal_rcc.o
    0x08000ec0   0x08000ec0   0x00000064   Code   RO         1930    i.HAL_RCC_GetSysClockFreq  stm32f4xx_hal_rcc.o
    0x08000f24   0x08000f24   0x0000031c   Code   RO         1933    i.HAL_RCC_OscConfig  stm32f4xx_hal_rcc.o
    0x08001240   0x08001240   0x00000028   Code   RO         2745    i.HAL_SYSTICK_Config  stm32f4xx_hal_cortex.o
    0x08001268   0x08001268   0x00000002   Code   RO         1343    i.HAL_TIMEx_BreakCallback  stm32f4xx_hal_tim_ex.o
    0x0800126a   0x0800126a   0x00000002   Code   RO         1344    i.HAL_TIMEx_CommutCallback  stm32f4xx_hal_tim_ex.o
    0x0800126c   0x0800126c   0x00000054   Code   RO         1346    i.HAL_TIMEx_ConfigBreakDeadTime  stm32f4xx_hal_tim_ex.o
    0x080012c0   0x080012c0   0x00000042   Code   RO         1361    i.HAL_TIMEx_MasterConfigSynchronization  stm32f4xx_hal_tim_ex.o
    0x08001302   0x08001302   0x00000098   Code   RO          686    i.HAL_TIM_Encoder_Init  stm32f4xx_hal_tim.o
    0x0800139a   0x0800139a   0x00000002   PAD
    0x0800139c   0x0800139c   0x000001d4   Code   RO          589    i.HAL_TIM_Encoder_MspInit  stm32f4xx_hal_msp.o
    0x08001570   0x08001570   0x00000034   Code   RO          689    i.HAL_TIM_Encoder_Start  stm32f4xx_hal_tim.o
    0x080015a4   0x080015a4   0x00000002   Code   RO          697    i.HAL_TIM_IC_CaptureCallback  stm32f4xx_hal_tim.o
    0x080015a6   0x080015a6   0x00000002   PAD
    0x080015a8   0x080015a8   0x0000011e   Code   RO          699    i.HAL_TIM_IC_ConfigChannel  stm32f4xx_hal_tim.o
    0x080016c6   0x080016c6   0x00000036   Code   RO          702    i.HAL_TIM_IC_Init   stm32f4xx_hal_tim.o
    0x080016fc   0x080016fc   0x00000078   Code   RO          591    i.HAL_TIM_IC_MspInit  stm32f4xx_hal_msp.o
    0x08001774   0x08001774   0x00000056   Code   RO          707    i.HAL_TIM_IC_Start_IT  stm32f4xx_hal_tim.o
    0x080017ca   0x080017ca   0x00000166   Code   RO          711    i.HAL_TIM_IRQHandler  stm32f4xx_hal_tim.o
    0x08001930   0x08001930   0x0000007c   Code   RO          592    i.HAL_TIM_MspPostInit  stm32f4xx_hal_msp.o
    0x080019ac   0x080019ac   0x00000002   Code   RO          714    i.HAL_TIM_OC_DelayElapsedCallback  stm32f4xx_hal_tim.o
    0x080019ae   0x080019ae   0x000000d0   Code   RO          735    i.HAL_TIM_PWM_ConfigChannel  stm32f4xx_hal_tim.o
    0x08001a7e   0x08001a7e   0x00000036   Code   RO          738    i.HAL_TIM_PWM_Init  stm32f4xx_hal_tim.o
    0x08001ab4   0x08001ab4   0x00000028   Code   RO          594    i.HAL_TIM_PWM_MspInit  stm32f4xx_hal_msp.o
    0x08001adc   0x08001adc   0x00000002   Code   RO          741    i.HAL_TIM_PWM_PulseFinishedCallback  stm32f4xx_hal_tim.o
    0x08001ade   0x08001ade   0x00000002   PAD
    0x08001ae0   0x08001ae0   0x00000044   Code   RO          743    i.HAL_TIM_PWM_Start  stm32f4xx_hal_tim.o
    0x08001b24   0x08001b24   0x00000002   Code   RO          749    i.HAL_TIM_PeriodElapsedCallback  stm32f4xx_hal_tim.o
    0x08001b26   0x08001b26   0x0000002a   Code   RO          751    i.HAL_TIM_ReadCapturedValue  stm32f4xx_hal_tim.o
    0x08001b50   0x08001b50   0x00000002   Code   RO          754    i.HAL_TIM_TriggerCallback  stm32f4xx_hal_tim.o
    0x08001b52   0x08001b52   0x00000058   Code   RO         1613    i.HAL_UART_DMAStop  stm32f4xx_hal_uart.o
    0x08001baa   0x08001baa   0x00000002   Code   RO         1615    i.HAL_UART_ErrorCallback  stm32f4xx_hal_uart.o
    0x08001bac   0x08001bac   0x00000110   Code   RO         1618    i.HAL_UART_IRQHandler  stm32f4xx_hal_uart.o
    0x08001cbc   0x08001cbc   0x00000062   Code   RO         1619    i.HAL_UART_Init     stm32f4xx_hal_uart.o
    0x08001d1e   0x08001d1e   0x00000002   PAD
    0x08001d20   0x08001d20   0x00000220   Code   RO          596    i.HAL_UART_MspInit  stm32f4xx_hal_msp.o
    0x08001f40   0x08001f40   0x00000098   Code   RO         1623    i.HAL_UART_Receive_DMA  stm32f4xx_hal_uart.o
    0x08001fd8   0x08001fd8   0x00000002   Code   RO         1625    i.HAL_UART_RxCpltCallback  stm32f4xx_hal_uart.o
    0x08001fda   0x08001fda   0x00000002   Code   RO         1626    i.HAL_UART_RxHalfCpltCallback  stm32f4xx_hal_uart.o
    0x08001fdc   0x08001fdc   0x000000ba   Code   RO         1627    i.HAL_UART_Transmit  stm32f4xx_hal_uart.o
    0x08002096   0x08002096   0x00000002   Code   RO         1630    i.HAL_UART_TxCpltCallback  stm32f4xx_hal_uart.o
    0x08002098   0x08002098   0x00000002   Code   RO          446    i.HardFault_Handler  stm32f4xx_it.o
    0x0800209a   0x0800209a   0x00000002   PAD
    0x0800209c   0x0800209c   0x0000005c   Code   RO          356    i.MX_DMA_Init       main.o
    0x080020f8   0x080020f8   0x000001ec   Code   RO          357    i.MX_GPIO_Init      main.o
    0x080022e4   0x080022e4   0x0000005c   Code   RO          358    i.MX_TIM2_Init      main.o
    0x08002340   0x08002340   0x0000005c   Code   RO          359    i.MX_TIM3_Init      main.o
    0x0800239c   0x0800239c   0x0000005c   Code   RO          360    i.MX_TIM4_Init      main.o
    0x080023f8   0x080023f8   0x0000005c   Code   RO          361    i.MX_TIM5_Init      main.o
    0x08002454   0x08002454   0x000000a8   Code   RO          362    i.MX_TIM8_Init      main.o
    0x080024fc   0x080024fc   0x00000044   Code   RO          363    i.MX_TIM9_Init      main.o
    0x08002540   0x08002540   0x00000002   Code   RO          447    i.MemManage_Handler  stm32f4xx_it.o
    0x08002542   0x08002542   0x00000018   Code   RO          168    i.MotorParamInit    motor.o
    0x0800255a   0x0800255a   0x00000002   Code   RO          448    i.NMI_Handler       stm32f4xx_it.o
    0x0800255c   0x0800255c   0x00000076   Code   RO           13    i.PID_Calc          pid.o
    0x080025d2   0x080025d2   0x00000002   Code   RO          449    i.PendSV_Handler    stm32f4xx_it.o
    0x080025d4   0x080025d4   0x00000084   Code   RO          290    i.RemoteReceiveHandle  wifi_rec.o
    0x08002658   0x08002658   0x0000018c   Code   RO          249    i.Robot_task        user.o
    0x080027e4   0x080027e4   0x00000002   Code   RO          450    i.SVC_Handler       stm32f4xx_it.o
    0x080027e6   0x080027e6   0x00000004   Code   RO          451    i.SysTick_Handler   stm32f4xx_it.o
    0x080027ea   0x080027ea   0x00000002   PAD
    0x080027ec   0x080027ec   0x00000088   Code   RO          364    i.SystemClock_Config  main.o
    0x08002874   0x08002874   0x00000054   Code   RO         3132    i.SystemInit        system_stm32f4xx.o
    0x080028c8   0x080028c8   0x00000100   Code   RO          452    i.TIM1_BRK_TIM9_IRQHandler  stm32f4xx_it.o
    0x080029c8   0x080029c8   0x0000000c   Code   RO          453    i.TIM2_IRQHandler   stm32f4xx_it.o
    0x080029d4   0x080029d4   0x0000000c   Code   RO          454    i.TIM3_IRQHandler   stm32f4xx_it.o
    0x080029e0   0x080029e0   0x0000000c   Code   RO          455    i.TIM4_IRQHandler   stm32f4xx_it.o
    0x080029ec   0x080029ec   0x0000000c   Code   RO          456    i.TIM5_IRQHandler   stm32f4xx_it.o
    0x080029f8   0x080029f8   0x000000c8   Code   RO          756    i.TIM_Base_SetConfig  stm32f4xx_hal_tim.o
    0x08002ac0   0x08002ac0   0x0000001a   Code   RO          757    i.TIM_CCxChannelCmd  stm32f4xx_hal_tim.o
    0x08002ada   0x08002ada   0x00000002   PAD
    0x08002adc   0x08002adc   0x00000060   Code   RO          769    i.TIM_OC1_SetConfig  stm32f4xx_hal_tim.o
    0x08002b3c   0x08002b3c   0x0000006c   Code   RO          770    i.TIM_OC2_SetConfig  stm32f4xx_hal_tim.o
    0x08002ba8   0x08002ba8   0x00000068   Code   RO          771    i.TIM_OC3_SetConfig  stm32f4xx_hal_tim.o
    0x08002c10   0x08002c10   0x00000050   Code   RO          772    i.TIM_OC4_SetConfig  stm32f4xx_hal_tim.o
    0x08002c60   0x08002c60   0x00000080   Code   RO          775    i.TIM_TI1_SetConfig  stm32f4xx_hal_tim.o
    0x08002ce0   0x08002ce0   0x00000036   Code   RO          777    i.TIM_TI2_SetConfig  stm32f4xx_hal_tim.o
    0x08002d16   0x08002d16   0x00000010   Code   RO         1632    i.UART_DMAAbortOnError  stm32f4xx_hal_uart.o
    0x08002d26   0x08002d26   0x0000004a   Code   RO         1633    i.UART_DMAError     stm32f4xx_hal_uart.o
    0x08002d70   0x08002d70   0x0000003c   Code   RO         1634    i.UART_DMAReceiveCplt  stm32f4xx_hal_uart.o
    0x08002dac   0x08002dac   0x0000000a   Code   RO         1636    i.UART_DMARxHalfCplt  stm32f4xx_hal_uart.o
    0x08002db6   0x08002db6   0x0000001c   Code   RO         1642    i.UART_EndRxTransfer  stm32f4xx_hal_uart.o
    0x08002dd2   0x08002dd2   0x00000012   Code   RO         1643    i.UART_EndTxTransfer  stm32f4xx_hal_uart.o
    0x08002de4   0x08002de4   0x00000096   Code   RO         1644    i.UART_Receive_IT   stm32f4xx_hal_uart.o
    0x08002e7a   0x08002e7a   0x00000002   PAD
    0x08002e7c   0x08002e7c   0x000002ac   Code   RO         1645    i.UART_SetConfig    stm32f4xx_hal_uart.o
    0x08003128   0x08003128   0x00000062   Code   RO         1646    i.UART_Transmit_IT  stm32f4xx_hal_uart.o
    0x0800318a   0x0800318a   0x00000064   Code   RO         1647    i.UART_WaitOnFlagUntilTimeout  stm32f4xx_hal_uart.o
    0x080031ee   0x080031ee   0x00000002   PAD
    0x080031f0   0x080031f0   0x0000000c   Code   RO          457    i.USART1_IRQHandler  stm32f4xx_it.o
    0x080031fc   0x080031fc   0x00000014   Code   RO          458    i.USART2_IRQHandler  stm32f4xx_it.o
    0x08003210   0x08003210   0x0000000c   Code   RO          459    i.USART3_IRQHandler  stm32f4xx_it.o
    0x0800321c   0x0800321c   0x00000002   Code   RO          460    i.UsageFault_Handler  stm32f4xx_it.o
    0x0800321e   0x0800321e   0x00000002   PAD
    0x08003220   0x08003220   0x00000088   Code   RO          291    i.WIFI_RECEIVE      wifi_rec.o
    0x080032a8   0x080032a8   0x00000020   Code   RO         2747    i.__NVIC_SetPriority  stm32f4xx_hal_cortex.o
    0x080032c8   0x080032c8   0x0000000e   Code   RO         3253    i.__scatterload_copy  mc_w.l(handlers.o)
    0x080032d6   0x080032d6   0x00000002   Code   RO         3254    i.__scatterload_null  mc_w.l(handlers.o)
    0x080032d8   0x080032d8   0x0000000e   Code   RO         3255    i.__scatterload_zeroinit  mc_w.l(handlers.o)
    0x080032e6   0x080032e6   0x00000002   PAD
    0x080032e8   0x080032e8   0x00000094   Code   RO          365    i.main              main.o
    0x0800337c   0x0800337c   0x00000094   Code   RO          169    i.motor_control     motor.o
    0x08003410   0x08003410   0x00000114   Code   RO          170    i.motor_feedback    motor.o
    0x08003524   0x08003524   0x00000076   Code   RO          292    i.stringTOint       wifi_rec.o
    0x0800359a   0x0800359a   0x00000002   PAD
    0x0800359c   0x0800359c   0x000001b8   Code   RO          250    i.user_sys_init     user.o
    0x08003754   0x08003754   0x00000008   Data   RO         2446    .constdata          stm32f4xx_hal_dma.o
    0x0800375c   0x0800375c   0x00000010   Data   RO         3133    .constdata          system_stm32f4xx.o
    0x0800376c   0x0800376c   0x00000008   Data   RO         3134    .constdata          system_stm32f4xx.o
    0x08003774   0x08003774   0x00000020   Data   RO         3251    Region$$Table       anon$$obj.o


    Execution Region RW_IRAM1 (Exec base: 0x20000000, Load base: 0x08003794, Size: 0x00000a30, Max: 0x00030000, ABSOLUTE, COMPRESSED[0x00000068])

    Exec Addr    Load Addr    Size         Type   Attr      Idx    E Section Name        Object

    0x20000000   COMPRESSED   0x0000005c   Data   RW          171    .data               motor.o
    0x2000005c   COMPRESSED   0x0000005c   Data   RW          172    .data               motor.o
    0x200000b8   COMPRESSED   0x0000005c   Data   RW          173    .data               motor.o
    0x20000114   COMPRESSED   0x0000005c   Data   RW          174    .data               motor.o
    0x20000170   COMPRESSED   0x00000024   Data   RW          177    .data               motor.o
    0x20000194   COMPRESSED   0x00000057   Data   RW          255    .data               user.o
    0x200001eb   COMPRESSED   0x00000001   PAD
    0x200001ec   COMPRESSED   0x0000000e   Data   RW          294    .data               wifi_rec.o
    0x200001fa   COMPRESSED   0x00000002   PAD
    0x200001fc   COMPRESSED   0x0000001c   Data   RW          462    .data               stm32f4xx_it.o
    0x20000218   COMPRESSED   0x0000000c   Data   RW         2893    .data               stm32f4xx_hal.o
    0x20000224   COMPRESSED   0x00000004   Data   RW         3135    .data               system_stm32f4xx.o
    0x20000228        -       0x0000000c   Zero   RW          251    .bss                user.o
    0x20000234        -       0x0000002a   Zero   RW          293    .bss                wifi_rec.o
    0x2000025e   COMPRESSED   0x00000002   PAD
    0x20000260        -       0x00000240   Zero   RW          366    .bss                main.o
    0x200004a0        -       0x00000060   Zero   RW          367    .bss                main.o
    0x20000500        -       0x00000060   Zero   RW          368    .bss                main.o
    0x20000560        -       0x00000060   Zero   RW          369    .bss                main.o
    0x200005c0        -       0x0000006c   Zero   RW          461    .bss                stm32f4xx_it.o
    0x2000062c   COMPRESSED   0x00000004   PAD
    0x20000630        -       0x00000400   Zero   RW            1    STACK               startup_stm32f429xx.o


==============================================================================

Image component sizes


      Code (inc. data)   RO Data    RW Data    ZI Data      Debug   Object Name

      1474        112          0          0        864       7656   main.o
       448         26          0        404          0       4004   motor.o
       118          0          0          0          0     751107   pid.o
        36          8        428          0       1024        832   startup_stm32f429xx.o
       180         28          0         12          0       4581   stm32f4xx_hal.o
       198         14          0          0          0      33959   stm32f4xx_hal_cortex.o
      1090         16          8          0          0       7370   stm32f4xx_hal_dma.o
       470         52          0          0          0       2444   stm32f4xx_hal_gpio.o
      1344        134          0          0          0       5423   stm32f4xx_hal_msp.o
       112         14          0          0          0       1292   stm32f4xx_hal_pwr_ex.o
      1264         80          0          0          0       5160   stm32f4xx_hal_rcc.o
      2166        118          0          0          0      18482   stm32f4xx_hal_tim.o
       154          0          0          0          0       3269   stm32f4xx_hal_tim_ex.o
      2042         28          0          0          0      14095   stm32f4xx_hal_uart.o
       404         70          0         28        108      11005   stm32f4xx_it.o
        84         18         24          4          0       1159   system_stm32f4xx.o
       836        130          0         87         12       3672   user.o
       386         30          0         14         42       3376   wifi_rec.o

    ----------------------------------------------------------------------
     12834        878        492        552       2056     878886   Object Totals
         0          0         32          0          0          0   (incl. Generated)
        28          0          0          3          6          0   (incl. Padding)

    ----------------------------------------------------------------------

      Code (inc. data)   RO Data    RW Data    ZI Data      Debug   Library Member Name

        86          0          0          0          0          0   __dczerorl2.o
         0          0          0          0          0          0   entry.o
         0          0          0          0          0          0   entry10a.o
         0          0          0          0          0          0   entry11a.o
         8          4          0          0          0          0   entry2.o
         4          0          0          0          0          0   entry5.o
         0          0          0          0          0          0   entry7b.o
         0          0          0          0          0          0   entry8b.o
         8          4          0          0          0          0   entry9a.o
        30          0          0          0          0          0   handlers.o
        36          8          0          0          0         68   init.o
         0          0          0          0          0          0   iusefp.o
        30          0          0          0          0         68   llshl.o
        32          0          0          0          0         68   llushr.o
        36          0          0          0          0        108   memseta.o
        98          0          0          0          0         92   uldiv.o
       222          0          0          0          0        100   ddiv.o
       186          0          0          0          0        176   depilogue.o
        62          0          0          0          0         80   dfixi.o
        34          0          0          0          0         76   dflti.o
        26          0          0          0          0         76   dfltui.o

    ----------------------------------------------------------------------
       902         16          0          0          0        912   Library Totals
         4          0          0          0          0          0   (incl. Padding)

    ----------------------------------------------------------------------

      Code (inc. data)   RO Data    RW Data    ZI Data      Debug   Library Name

       368         16          0          0          0        404   mc_w.l
       530          0          0          0          0        508   mf_w.l

    ----------------------------------------------------------------------
       902         16          0          0          0        912   Library Totals

    ----------------------------------------------------------------------

==============================================================================


      Code (inc. data)   RO Data    RW Data    ZI Data      Debug   

     13736        894        492        552       2056     868666   Grand Totals
     13736        894        492        104       2056     868666   ELF Image Totals (compressed)
     13736        894        492        104          0          0   ROM Totals

==============================================================================

    Total RO  Size (Code + RO Data)                14228 (  13.89kB)
    Total RW  Size (RW Data + ZI Data)              2608 (   2.55kB)
    Total ROM Size (Code + RO Data + RW Data)      14332 (  14.00kB)

==============================================================================

